Archive member included to satisfy reference by file (symbol)

C:/MaximSDK/Libraries/PeriphDrivers/bin/MAX32670/spi-v1_softfp/libPeriphDriver_spi-v1_softfp.a(nvic_table.o)
                              c:/Users/JPerez32/Documents/ADIN1320/ADIN_V3/Firmware/ADIN1100D2Z/build/boardsupport.o (MXC_NVIC_SetVector)
C:/MaximSDK/Libraries/PeriphDrivers/bin/MAX32670/spi-v1_softfp/libPeriphDriver_spi-v1_softfp.a(sys_me15.o)
                              c:/Users/JPerez32/Documents/ADIN1320/ADIN_V3/Firmware/ADIN1100D2Z/build/system_max32670.o (MXC_SYS_ClockEnable)
C:/MaximSDK/Libraries/PeriphDrivers/bin/MAX32670/spi-v1_softfp/libPeriphDriver_spi-v1_softfp.a(aes_me15.o)
                              C:/MaximSDK/Libraries/PeriphDrivers/bin/MAX32670/spi-v1_softfp/libPeriphDriver_spi-v1_softfp.a(sys_me15.o) (MXC_AES_Shutdown)
C:/MaximSDK/Libraries/PeriphDrivers/bin/MAX32670/spi-v1_softfp/libPeriphDriver_spi-v1_softfp.a(aes_revb.o)
                              C:/MaximSDK/Libraries/PeriphDrivers/bin/MAX32670/spi-v1_softfp/libPeriphDriver_spi-v1_softfp.a(aes_me15.o) (MXC_AES_RevB_IsBusy)
C:/MaximSDK/Libraries/PeriphDrivers/bin/MAX32670/spi-v1_softfp/libPeriphDriver_spi-v1_softfp.a(dma_me15.o)
                              C:/MaximSDK/Libraries/PeriphDrivers/bin/MAX32670/spi-v1_softfp/libPeriphDriver_spi-v1_softfp.a(aes_revb.o) (MXC_DMA_Init)
C:/MaximSDK/Libraries/PeriphDrivers/bin/MAX32670/spi-v1_softfp/libPeriphDriver_spi-v1_softfp.a(dma_reva.o)
                              C:/MaximSDK/Libraries/PeriphDrivers/bin/MAX32670/spi-v1_softfp/libPeriphDriver_spi-v1_softfp.a(dma_me15.o) (MXC_DMA_RevA_Init)
C:/MaximSDK/Libraries/PeriphDrivers/bin/MAX32670/spi-v1_softfp/libPeriphDriver_spi-v1_softfp.a(flc_me15.o)
                              C:/MaximSDK/Libraries/PeriphDrivers/bin/MAX32670/spi-v1_softfp/libPeriphDriver_spi-v1_softfp.a(aes_me15.o) (MXC_FLC_PageErase)
C:/MaximSDK/Libraries/PeriphDrivers/bin/MAX32670/spi-v1_softfp/libPeriphDriver_spi-v1_softfp.a(flc_reva.o)
                              C:/MaximSDK/Libraries/PeriphDrivers/bin/MAX32670/spi-v1_softfp/libPeriphDriver_spi-v1_softfp.a(flc_me15.o) (MXC_FLC_RevA_Busy)
C:/MaximSDK/Libraries/PeriphDrivers/bin/MAX32670/spi-v1_softfp/libPeriphDriver_spi-v1_softfp.a(gpio_me15.o)
                              c:/Users/JPerez32/Documents/ADIN1320/ADIN_V3/Firmware/ADIN1100D2Z/build/boardsupport.o (MXC_GPIO_InGet)
C:/MaximSDK/Libraries/PeriphDrivers/bin/MAX32670/spi-v1_softfp/libPeriphDriver_spi-v1_softfp.a(gpio_reva.o)
                              C:/MaximSDK/Libraries/PeriphDrivers/bin/MAX32670/spi-v1_softfp/libPeriphDriver_spi-v1_softfp.a(gpio_me15.o) (MXC_GPIO_RevA_InGet)
C:/MaximSDK/Libraries/PeriphDrivers/bin/MAX32670/spi-v1_softfp/libPeriphDriver_spi-v1_softfp.a(spi_me15.o)
                              c:/Users/JPerez32/Documents/ADIN1320/ADIN_V3/Firmware/ADIN1100D2Z/build/boardsupport.o (MXC_SPI_Init)
C:/MaximSDK/Libraries/PeriphDrivers/bin/MAX32670/spi-v1_softfp/libPeriphDriver_spi-v1_softfp.a(spi_reva1.o)
                              C:/MaximSDK/Libraries/PeriphDrivers/bin/MAX32670/spi-v1_softfp/libPeriphDriver_spi-v1_softfp.a(spi_me15.o) (MXC_SPI_RevA1_Init)
C:/MaximSDK/Libraries/PeriphDrivers/bin/MAX32670/spi-v1_softfp/libPeriphDriver_spi-v1_softfp.a(trng_me15.o)
                              C:/MaximSDK/Libraries/PeriphDrivers/bin/MAX32670/spi-v1_softfp/libPeriphDriver_spi-v1_softfp.a(aes_me15.o) (MXC_TRNG_GenerateKey)
C:/MaximSDK/Libraries/PeriphDrivers/bin/MAX32670/spi-v1_softfp/libPeriphDriver_spi-v1_softfp.a(trng_revb.o)
                              C:/MaximSDK/Libraries/PeriphDrivers/bin/MAX32670/spi-v1_softfp/libPeriphDriver_spi-v1_softfp.a(trng_me15.o) (MXC_TRNG_RevB_Init)
C:/MaximSDK/Libraries/PeriphDrivers/bin/MAX32670/spi-v1_softfp/libPeriphDriver_spi-v1_softfp.a(tmr_me15.o)
                              c:/Users/JPerez32/Documents/ADIN1320/ADIN_V3/Firmware/ADIN1100D2Z/build/boardsupport.o (MXC_TMR_Init)
C:/MaximSDK/Libraries/PeriphDrivers/bin/MAX32670/spi-v1_softfp/libPeriphDriver_spi-v1_softfp.a(tmr_revb.o)
                              C:/MaximSDK/Libraries/PeriphDrivers/bin/MAX32670/spi-v1_softfp/libPeriphDriver_spi-v1_softfp.a(tmr_me15.o) (MXC_TMR_RevB_SetClockSourceFreq)
C:/MaximSDK/Libraries/PeriphDrivers/bin/MAX32670/spi-v1_softfp/libPeriphDriver_spi-v1_softfp.a(uart_me15.o)
                              c:/Users/JPerez32/Documents/ADIN1320/ADIN_V3/Firmware/ADIN1100D2Z/build/board.o (MXC_UART_Shutdown)
C:/MaximSDK/Libraries/PeriphDrivers/bin/MAX32670/spi-v1_softfp/libPeriphDriver_spi-v1_softfp.a(uart_revb.o)
                              C:/MaximSDK/Libraries/PeriphDrivers/bin/MAX32670/spi-v1_softfp/libPeriphDriver_spi-v1_softfp.a(uart_me15.o) (MXC_UART_RevB_Init)
C:/MaximSDK/Libraries/PeriphDrivers/bin/MAX32670/spi-v1_softfp/libPeriphDriver_spi-v1_softfp.a(mxc_delay.o)
                              C:/MaximSDK/Libraries/PeriphDrivers/bin/MAX32670/spi-v1_softfp/libPeriphDriver_spi-v1_softfp.a(sys_me15.o) (MXC_DelayAsync)
[...]
Memory Configuration

Name             Origin             Length             Attributes
FLASH            0x10000000         0x0005e000         xr
SRAM             0x20000000         0x00020000         xrw
*default*        0x00000000         0xffffffff

Linker script and memory map

LOAD c:/maximsdk/tools/gnutools/10.3/bin/../lib/gcc/arm-none-eabi/10.3.1/thumb/v7e-m+fp/softfp/crti.o
LOAD c:/maximsdk/tools/gnutools/10.3/bin/../lib/gcc/arm-none-eabi/10.3.1/thumb/v7e-m+fp/softfp/crtbegin.o
LOAD c:/maximsdk/tools/gnutools/10.3/bin/../lib/gcc/arm-none-eabi/10.3.1/../../../../arm-none-eabi/lib/thumb/v7e-m+fp/softfp/crt0.o
LOAD c:/Users/JPerez32/Documents/ADIN1320/ADIN_V3/Firmware/ADIN1100D2Z/build/main.o
LOAD c:/Users/JPerez32/Documents/ADIN1320/ADIN_V3/Firmware/ADIN1100D2Z/build/aux_functions.o
LOAD c:/Users/JPerez32/Documents/ADIN1320/ADIN_V3/Firmware/ADIN1100D2Z/build/cmd.o
LOAD c:/Users/JPerez32/Documents/ADIN1320/ADIN_V3/Firmware/ADIN1100D2Z/build/cmd_aux.o
LOAD c:/Users/JPerez32/Documents/ADIN1320/ADIN_V3/Firmware/ADIN1100D2Z/build/cmd_list.o
LOAD c:/Users/JPerez32/Documents/ADIN1320/ADIN_V3/Firmware/ADIN1100D2Z/build/cmd_srv.o
LOAD c:/Users/JPerez32/Documents/ADIN1320/ADIN_V3/Firmware/ADIN1100D2Z/build/boardsupport.o
LOAD c:/Users/JPerez32/Documents/ADIN1320/ADIN_V3/Firmware/ADIN1100D2Z/build/adi_eth_error.o
LOAD c:/Users/JPerez32/Documents/ADIN1320/ADIN_V3/Firmware/ADIN1100D2Z/build/adi_platform.o
LOAD c:/Users/JPerez32/Documents/ADIN1320/ADIN_V3/Firmware/ADIN1100D2Z/build/sccp_pse.o
LOAD c:/Users/JPerez32/Documents/ADIN1320/ADIN_V3/Firmware/ADIN1100D2Z/build/spoeLTC4296_1.o
LOAD c:/Users/JPerez32/Documents/ADIN1320/ADIN_V3/Firmware/ADIN1100D2Z/build/board.o
LOAD c:/Users/JPerez32/Documents/ADIN1320/ADIN_V3/Firmware/ADIN1100D2Z/build/stdio.o
LOAD c:/Users/JPerez32/Documents/ADIN1320/ADIN_V3/Firmware/ADIN1100D2Z/build/led.o
LOAD c:/Users/JPerez32/Documents/ADIN1320/ADIN_V3/Firmware/ADIN1100D2Z/build/pb.o
LOAD c:/Users/JPerez32/Documents/ADIN1320/ADIN_V3/Firmware/ADIN1100D2Z/build/startup_max32670.o
LOAD c:/Users/JPerez32/Documents/ADIN1320/ADIN_V3/Firmware/ADIN1100D2Z/build/heap.o
LOAD c:/Users/JPerez32/Documents/ADIN1320/ADIN_V3/Firmware/ADIN1100D2Z/build/system_max32670.o
START GROUP
LOAD C:/MaximSDK/Libraries/PeriphDrivers/bin/MAX32670/spi-v1_softfp/libPeriphDriver_spi-v1_softfp.a
LOAD c:/maximsdk/tools/gnutools/10.3/bin/../lib/gcc/arm-none-eabi/10.3.1/../../../../arm-none-eabi/lib/thumb/v7e-m+fp/softfp\libc.a
LOAD c:/maximsdk/tools/gnutools/10.3/bin/../lib/gcc/arm-none-eabi/10.3.1/../../../../arm-none-eabi/lib/thumb/v7e-m+fp/softfp\libm.a
LOAD c:/maximsdk/tools/gnutools/10.3/bin/../lib/gcc/arm-none-eabi/10.3.1/../../../../arm-none-eabi/lib/thumb/v7e-m+fp/softfp\libnosys.a
END GROUP
START GROUP
LOAD c:/maximsdk/tools/gnutools/10.3/bin/../lib/gcc/arm-none-eabi/10.3.1/thumb/v7e-m+fp/softfp\libgcc.a
LOAD c:/maximsdk/tools/gnutools/10.3/bin/../lib/gcc/arm-none-eabi/10.3.1/../../../../arm-none-eabi/lib/thumb/v7e-m+fp/softfp\libc.a
END GROUP
LOAD c:/maximsdk/tools/gnutools/10.3/bin/../lib/gcc/arm-none-eabi/10.3.1/thumb/v7e-m+fp/softfp/crtend.o
LOAD c:/maximsdk/tools/gnutools/10.3/bin/../lib/gcc/arm-none-eabi/10.3.1/thumb/v7e-m+fp/softfp/crtn.o

.text           0x10000000    0x13c40
                0x10000000                _text = .
 *(.isr_vector)
 .isr_vector    0x10000000      0x1d0 c:/Users/JPerez32/Documents/ADIN1320/ADIN_V3/Firmware/ADIN1100D2Z/build/startup_max32670.o
                0x10000000                __isr_vector
 *(.text*)
 .text          0x100001d0       0x40 c:/maximsdk/tools/gnutools/10.3/bin/../lib/gcc/arm-none-eabi/10.3.1/thumb/v7e-m+fp/softfp/crtbegin.o
 .text.configFirmware
                0x10000210       0x34 c:/Users/JPerez32/Documents/ADIN1320/ADIN_V3/Firmware/ADIN1100D2Z/build/main.o
                0x10000210                configFirmware
 .text.main     0x10000244       0x5c c:/Users/JPerez32/Documents/ADIN1320/ADIN_V3/Firmware/ADIN1100D2Z/build/main.o
                0x10000244                main
 .text.getFWLibVersion
                0x100002a0        0x6 c:/Users/JPerez32/Documents/ADIN1320/ADIN_V3/Firmware/ADIN1100D2Z/build/aux_functions.o
 .text.waitMdio
                0x100002a6       0x2e c:/Users/JPerez32/Documents/ADIN1320/ADIN_V3/Firmware/ADIN1100D2Z/build/aux_functions.o
 .text.adin1300_checkIdentity
                0x100002d4       0x80 c:/Users/JPerez32/Documents/ADIN1320/ADIN_V3/Firmware/ADIN1100D2Z/build/aux_functions.o
 .text.adin1100_checkIdentity
                0x10000354       0x88 c:/Users/JPerez32/Documents/ADIN1320/ADIN_V3/Firmware/ADIN1100D2Z/build/aux_functions.o
 .text.readBoardDetails
                0x100003dc       0x2c c:/Users/JPerez32/Documents/ADIN1320/ADIN_V3/Firmware/ADIN1100D2Z/build/aux_functions.o
                0x100003dc                readBoardDetails
 .text.printMode
                0x10000408       0x4c c:/Users/JPerez32/Documents/ADIN1320/ADIN_V3/Firmware/ADIN1100D2Z/build/aux_functions.o
                0x10000408                printMode
 .text.printGreetings
                0x10000454      0x134 c:/Users/JPerez32/Documents/ADIN1320/ADIN_V3/Firmware/ADIN1100D2Z/build/aux_functions.o
                0x10000454                printGreetings
 .text.readBoardConfigPins
                0x10000588       0xa8 c:/Users/JPerez32/Documents/ADIN1320/ADIN_V3/Firmware/ADIN1100D2Z/build/aux_functions.o
                0x10000588                readBoardConfigPins
 .text.adin1100_discoverPhy
                0x10000630       0x16 c:/Users/JPerez32/Documents/ADIN1320/ADIN_V3/Firmware/ADIN1100D2Z/build/aux_functions.o
                0x10000630                adin1100_discoverPhy
 .text.adin1300_discoverPhy
                0x10000646       0x1a c:/Users/JPerez32/Documents/ADIN1320/ADIN_V3/Firmware/ADIN1100D2Z/build/aux_functions.o
                0x10000646                adin1300_discoverPhy
 .text.adin1100_phyReset
                0x10000660       0x78 c:/Users/JPerez32/Documents/ADIN1320/ADIN_V3/Firmware/ADIN1100D2Z/build/aux_functions.o
                0x10000660                adin1100_phyReset
 .text.adin1100_checkLinkPartner
                0x100006d8       0xcc c:/Users/JPerez32/Documents/ADIN1320/ADIN_V3/Firmware/ADIN1100D2Z/build/aux_functions.o
                0x100006d8                adin1100_checkLinkPartner
 .text.adin1100_getSWPD
                0x100007a4       0x40 c:/Users/JPerez32/Documents/ADIN1320/ADIN_V3/Firmware/ADIN1100D2Z/build/aux_functions.o
                0x100007a4                adin1100_getSWPD
 .text.adin1100_setSWPD
                0x100007e4       0x5c c:/Users/JPerez32/Documents/ADIN1320/ADIN_V3/Firmware/ADIN1100D2Z/build/aux_functions.o
                0x100007e4                adin1100_setSWPD
 .text.adin1300_phyReset
                0x10000840       0x42 c:/Users/JPerez32/Documents/ADIN1320/ADIN_V3/Firmware/ADIN1100D2Z/build/aux_functions.o
                0x10000840                adin1300_phyReset
 .text.adin1300_getSWPD
                0x10000882       0x34 c:/Users/JPerez32/Documents/ADIN1320/ADIN_V3/Firmware/ADIN1100D2Z/build/aux_functions.o
                0x10000882                adin1300_getSWPD
 .text.adin1300_setSWPD
                0x100008b6       0x6c c:/Users/JPerez32/Documents/ADIN1320/ADIN_V3/Firmware/ADIN1100D2Z/build/aux_functions.o
                0x100008b6                adin1300_setSWPD
 *fill*         0x10000922        0x2 
 .text.adin1100_sp_cfg
                0x10000924      0x240 c:/Users/JPerez32/Documents/ADIN1320/ADIN_V3/Firmware/ADIN1100D2Z/build/aux_functions.o
                0x10000924                adin1100_sp_cfg
 .text.adin1100_cfg
                0x10000b64      0x1cc c:/Users/JPerez32/Documents/ADIN1320/ADIN_V3/Firmware/ADIN1100D2Z/build/aux_functions.o
                0x10000b64                adin1100_cfg
 .text.adin1300_cfg
                0x10000d30      0x12c c:/Users/JPerez32/Documents/ADIN1320/ADIN_V3/Firmware/ADIN1100D2Z/build/aux_functions.o
                0x10000d30                adin1300_cfg
 .text.adin1200_remLoopback
                0x10000e5c       0x5c c:/Users/JPerez32/Documents/ADIN1320/ADIN_V3/Firmware/ADIN1100D2Z/build/aux_functions.o
                0x10000e5c                adin1200_remLoopback
 .text.adin1100_initFrameGen
                0x10000eb8       0x8c c:/Users/JPerez32/Documents/ADIN1320/ADIN_V3/Firmware/ADIN1100D2Z/build/aux_functions.o
                0x10000eb8                adin1100_initFrameGen
 .text.adin1100_frameGenACheck
                0x10000f44       0x2c c:/Users/JPerez32/Documents/ADIN1320/ADIN_V3/Firmware/ADIN1100D2Z/build/aux_functions.o
                0x10000f44                adin1100_frameGenACheck
 .text.ltc4296_1_cfg
                0x10000f70       0x28 c:/Users/JPerez32/Documents/ADIN1320/ADIN_V3/Firmware/ADIN1100D2Z/build/aux_functions.o
                0x10000f70                ltc4296_1_cfg
 .text.applyBoardConfig
                0x10000f98      0x494 c:/Users/JPerez32/Documents/ADIN1320/ADIN_V3/Firmware/ADIN1100D2Z/build/aux_functions.o
                0x10000f98                applyBoardConfig
 .text.setBoardLED
                0x1000142c       0x48 c:/Users/JPerez32/Documents/ADIN1320/ADIN_V3/Firmware/ADIN1100D2Z/build/aux_functions.o
                0x1000142c                setBoardLED
 .text.setUartDataAvailable
                0x10001474        0xc c:/Users/JPerez32/Documents/ADIN1320/ADIN_V3/Firmware/ADIN1100D2Z/build/aux_functions.o
                0x10001474                setUartDataAvailable
 .text.getUartDataAvailable
                0x10001480        0xc c:/Users/JPerez32/Documents/ADIN1320/ADIN_V3/Firmware/ADIN1100D2Z/build/aux_functions.o
                0x10001480                getUartDataAvailable
 .text.setUartCmdAvailable
                0x1000148c        0xc c:/Users/JPerez32/Documents/ADIN1320/ADIN_V3/Firmware/ADIN1100D2Z/build/aux_functions.o
                0x1000148c                setUartCmdAvailable
 .text.getUartCmdAvailable
                0x10001498        0xc c:/Users/JPerez32/Documents/ADIN1320/ADIN_V3/Firmware/ADIN1100D2Z/build/aux_functions.o
                0x10001498                getUartCmdAvailable
 .text.dataAvailable
                0x100014a4       0x10 c:/Users/JPerez32/Documents/ADIN1320/ADIN_V3/Firmware/ADIN1100D2Z/build/cmd.o
                0x100014a4                dataAvailable
 .text.prepareDataPack
                0x100014b4       0x38 c:/Users/JPerez32/Documents/ADIN1320/ADIN_V3/Firmware/ADIN1100D2Z/build/cmd.o
                0x100014b4                prepareDataPack
 .text.streamData
                0x100014ec       0x34 c:/Users/JPerez32/Documents/ADIN1320/ADIN_V3/Firmware/ADIN1100D2Z/build/cmd.o
                0x100014ec                streamData
 .text.printCommandList
                0x10001520       0x5c c:/Users/JPerez32/Documents/ADIN1320/ADIN_V3/Firmware/ADIN1100D2Z/build/cmd_aux.o
 .text.CMDAUX_mdioWrite
                0x1000157c       0x88 c:/Users/JPerez32/Documents/ADIN1320/ADIN_V3/Firmware/ADIN1100D2Z/build/cmd_aux.o
                0x1000157c                CMDAUX_mdioWrite
 .text.CMDAUX_mdioRead
                0x10001604       0xb0 c:/Users/JPerez32/Documents/ADIN1320/ADIN_V3/Firmware/ADIN1100D2Z/build/cmd_aux.o
                0x10001604                CMDAUX_mdioRead
 .text.CMDAUX_mdioRead45Clause
                0x100016b4       0xb0 c:/Users/JPerez32/Documents/ADIN1320/ADIN_V3/Firmware/ADIN1100D2Z/build/cmd_aux.o
                0x100016b4                CMDAUX_mdioRead45Clause
 .text.CMDAUX_mdioWrite45Clause
                0x10001764       0x84 c:/Users/JPerez32/Documents/ADIN1320/ADIN_V3/Firmware/ADIN1100D2Z/build/cmd_aux.o
                0x10001764                CMDAUX_mdioWrite45Clause
 .text.CMDAUX_printGreetings
                0x100017e8       0x20 c:/Users/JPerez32/Documents/ADIN1320/ADIN_V3/Firmware/ADIN1100D2Z/build/cmd_aux.o
                0x100017e8                CMDAUX_printGreetings
 .text.CMDAUX_printCommandList
                0x10001808       0x1c c:/Users/JPerez32/Documents/ADIN1320/ADIN_V3/Firmware/ADIN1100D2Z/build/cmd_aux.o
                0x10001808                CMDAUX_printCommandList
 .text.CMDAUX_getfwVersion
                0x10001824       0x2c c:/Users/JPerez32/Documents/ADIN1320/ADIN_V3/Firmware/ADIN1100D2Z/build/cmd_aux.o
                0x10001824                CMDAUX_getfwVersion
 .text.getAuxFuncSize
                0x10001850        0x4 c:/Users/JPerez32/Documents/ADIN1320/ADIN_V3/Firmware/ADIN1100D2Z/build/cmd_list.o
                0x10001850                getAuxFuncSize
 .text.processUartData
                0x10001854       0x2c c:/Users/JPerez32/Documents/ADIN1320/ADIN_V3/Firmware/ADIN1100D2Z/build/cmd_srv.o
                0x10001854                processUartData
 .text.processCommand
                0x10001880      0x148 c:/Users/JPerez32/Documents/ADIN1320/ADIN_V3/Firmware/ADIN1100D2Z/build/cmd_srv.o
                0x10001880                processCommand
 .text.processUartCommand
                0x100019c8       0x40 c:/Users/JPerez32/Documents/ADIN1320/ADIN_V3/Firmware/ADIN1100D2Z/build/cmd_srv.o
                0x100019c8                processUartCommand
 .text.UART0_Handler
                0x10001a08       0x10 c:/Users/JPerez32/Documents/ADIN1320/ADIN_V3/Firmware/ADIN1100D2Z/build/boardsupport.o
                0x10001a08                UART0_Handler
 .text.readCallback
                0x10001a18       0x80 c:/Users/JPerez32/Documents/ADIN1320/ADIN_V3/Firmware/ADIN1100D2Z/build/boardsupport.o
                0x10001a18                readCallback
 .text.DelayTimerHandler
                0x10001a98       0x28 c:/Users/JPerez32/Documents/ADIN1320/ADIN_V3/Firmware/ADIN1100D2Z/build/boardsupport.o
                0x10001a98                DelayTimerHandler
 .text.ContinuousTimerHandler
                0x10001ac0       0x18 c:/Users/JPerez32/Documents/ADIN1320/ADIN_V3/Firmware/ADIN1100D2Z/build/boardsupport.o
                0x10001ac0                ContinuousTimerHandler
 .text.BSP_getConfigPins
                0x10001ad8       0x98 c:/Users/JPerez32/Documents/ADIN1320/ADIN_V3/Firmware/ADIN1100D2Z/build/boardsupport.o
                0x10001ad8                BSP_getConfigPins
 .text.BSPConfigLED
                0x10001b70       0x88 c:/Users/JPerez32/Documents/ADIN1320/ADIN_V3/Firmware/ADIN1100D2Z/build/boardsupport.o
                0x10001b70                BSPConfigLED
 .text.spi0_init
                0x10001bf8       0x3c c:/Users/JPerez32/Documents/ADIN1320/ADIN_V3/Firmware/ADIN1100D2Z/build/boardsupport.o
                0x10001bf8                spi0_init
 .text.spi0_send_rcv
                0x10001c34       0x30 c:/Users/JPerez32/Documents/ADIN1320/ADIN_V3/Firmware/ADIN1100D2Z/build/boardsupport.o
                0x10001c34                spi0_send_rcv
 .text.spi1_init
                0x10001c64       0x3c c:/Users/JPerez32/Documents/ADIN1320/ADIN_V3/Firmware/ADIN1100D2Z/build/boardsupport.o
                0x10001c64                spi1_init
 .text.spi1_send_rcv
                0x10001ca0       0x30 c:/Users/JPerez32/Documents/ADIN1320/ADIN_V3/Firmware/ADIN1100D2Z/build/boardsupport.o
                0x10001ca0                spi1_send_rcv
 .text.BSP_GpioInit
                0x10001cd0      0x190 c:/Users/JPerez32/Documents/ADIN1320/ADIN_V3/Firmware/ADIN1100D2Z/build/boardsupport.o
                0x10001cd0                BSP_GpioInit
 .text.BSP_SpiInit
                0x10001e60        0xc c:/Users/JPerez32/Documents/ADIN1320/ADIN_V3/Firmware/ADIN1100D2Z/build/boardsupport.o
                0x10001e60                BSP_SpiInit
 .text.submitTxBuffer
                0x10001e6c       0x14 c:/Users/JPerez32/Documents/ADIN1320/ADIN_V3/Firmware/ADIN1100D2Z/build/boardsupport.o
                0x10001e6c                submitTxBuffer
 .text.BSP_UartInit
                0x10001e80       0x5c c:/Users/JPerez32/Documents/ADIN1320/ADIN_V3/Firmware/ADIN1100D2Z/build/boardsupport.o
                0x10001e80                BSP_UartInit
 .text.TimerDelay_ms
                0x10001edc       0x6c c:/Users/JPerez32/Documents/ADIN1320/ADIN_V3/Firmware/ADIN1100D2Z/build/boardsupport.o
                0x10001edc                TimerDelay_ms
 .text.DelayTimerConfig
                0x10001f48       0x40 c:/Users/JPerez32/Documents/ADIN1320/ADIN_V3/Firmware/ADIN1100D2Z/build/boardsupport.o
                0x10001f48                DelayTimerConfig
 .text.ContinuousTimer
                0x10001f88       0x50 c:/Users/JPerez32/Documents/ADIN1320/ADIN_V3/Firmware/ADIN1100D2Z/build/boardsupport.o
                0x10001f88                ContinuousTimer
 .text.BSP_TimerInit
                0x10001fd8       0x38 c:/Users/JPerez32/Documents/ADIN1320/ADIN_V3/Firmware/ADIN1100D2Z/build/boardsupport.o
                0x10001fd8                BSP_TimerInit
 .text.BSP_InitSystem
                0x10002010       0x2e c:/Users/JPerez32/Documents/ADIN1320/ADIN_V3/Firmware/ADIN1100D2Z/build/boardsupport.o
                0x10002010                BSP_InitSystem
 .text.mdioAddr45Clause
                0x1000203e       0x5a c:/Users/JPerez32/Documents/ADIN1320/ADIN_V3/Firmware/ADIN1100D2Z/build/adi_platform.o
 .text.mdioRead45Clause
                0x10002098       0x80 c:/Users/JPerez32/Documents/ADIN1320/ADIN_V3/Firmware/ADIN1100D2Z/build/adi_platform.o
 .text.mdioWrite45Clause
                0x10002118       0x64 c:/Users/JPerez32/Documents/ADIN1320/ADIN_V3/Firmware/ADIN1100D2Z/build/adi_platform.o
 .text.adi_MdioRead
                0x1000217c       0x80 c:/Users/JPerez32/Documents/ADIN1320/ADIN_V3/Firmware/ADIN1100D2Z/build/adi_platform.o
                0x1000217c                adi_MdioRead
 .text.adi_MdioWrite
                0x100021fc       0x64 c:/Users/JPerez32/Documents/ADIN1320/ADIN_V3/Firmware/ADIN1100D2Z/build/adi_platform.o
                0x100021fc                adi_MdioWrite
 .text.adi_MdioRead_Cl45
                0x10002260       0x1e c:/Users/JPerez32/Documents/ADIN1320/ADIN_V3/Firmware/ADIN1100D2Z/build/adi_platform.o
                0x10002260                adi_MdioRead_Cl45
 .text.adi_MdioWrite_Cl45
                0x1000227e       0x1e c:/Users/JPerez32/Documents/ADIN1320/ADIN_V3/Firmware/ADIN1100D2Z/build/adi_platform.o
                0x1000227e                adi_MdioWrite_Cl45
 .text.get_pec_byte
                0x1000229c       0x48 c:/Users/JPerez32/Documents/ADIN1320/ADIN_V3/Firmware/ADIN1100D2Z/build/spoeLTC4296_1.o
 .text.ltc4296_1_write
                0x100022e4       0x46 c:/Users/JPerez32/Documents/ADIN1320/ADIN_V3/Firmware/ADIN1100D2Z/build/spoeLTC4296_1.o
                0x100022e4                ltc4296_1_write
 .text.ltc4296_1_reset
                0x1000232a       0x18 c:/Users/JPerez32/Documents/ADIN1320/ADIN_V3/Firmware/ADIN1100D2Z/build/spoeLTC4296_1.o
                0x1000232a                ltc4296_1_reset
 *fill*         0x10002342        0x2 
 .text.mxc_assert
                0x10002344       0x10 c:/Users/JPerez32/Documents/ADIN1320/ADIN_V3/Firmware/ADIN1100D2Z/build/board.o
                0x10002344                mxc_assert
 .text.GPIO0_IRQHandler
                0x10002354        0xa c:/Users/JPerez32/Documents/ADIN1320/ADIN_V3/Firmware/ADIN1100D2Z/build/board.o
                0x10002354                GPIO0_IRQHandler
 *fill*         0x1000235e        0x2 
 .text.Console_Init
                0x10002360       0x18 c:/Users/JPerez32/Documents/ADIN1320/ADIN_V3/Firmware/ADIN1100D2Z/build/board.o
                0x10002360                Console_Init
 .text.Board_Init
                0x10002378       0x34 c:/Users/JPerez32/Documents/ADIN1320/ADIN_V3/Firmware/ADIN1100D2Z/build/board.o
                0x10002378                Board_Init
 .text.NMI_Handler
                0x100023ac        0x4 c:/Users/JPerez32/Documents/ADIN1320/ADIN_V3/Firmware/ADIN1100D2Z/build/board.o
                0x100023ac                NMI_Handler
 .text._close   0x100023b0        0x6 c:/Users/JPerez32/Documents/ADIN1320/ADIN_V3/Firmware/ADIN1100D2Z/build/stdio.o
                0x100023b0                _close
 .text._isatty  0x100023b6        0x6 c:/Users/JPerez32/Documents/ADIN1320/ADIN_V3/Firmware/ADIN1100D2Z/build/stdio.o
                0x100023b6                _isatty
 .text._lseek   0x100023bc        0x6 c:/Users/JPerez32/Documents/ADIN1320/ADIN_V3/Firmware/ADIN1100D2Z/build/stdio.o
                0x100023bc                _lseek
 .text._fstat   0x100023c2        0x6 c:/Users/JPerez32/Documents/ADIN1320/ADIN_V3/Firmware/ADIN1100D2Z/build/stdio.o
                0x100023c2                _fstat
 .text._read    0x100023c8       0x50 c:/Users/JPerez32/Documents/ADIN1320/ADIN_V3/Firmware/ADIN1100D2Z/build/stdio.o
                0x100023c8                _read
 .text._write   0x10002418       0x44 c:/Users/JPerez32/Documents/ADIN1320/ADIN_V3/Firmware/ADIN1100D2Z/build/stdio.o
                0x10002418                _write
 .text.LED_Off  0x1000245c       0x44 c:/Users/JPerez32/Documents/ADIN1320/ADIN_V3/Firmware/ADIN1100D2Z/build/led.o
                0x1000245c                LED_Off
 .text.LED_Init
                0x100024a0       0x3c c:/Users/JPerez32/Documents/ADIN1320/ADIN_V3/Firmware/ADIN1100D2Z/build/led.o
                0x100024a0                LED_Init
 .text.PB_Init  0x100024dc       0x60 c:/Users/JPerez32/Documents/ADIN1320/ADIN_V3/Firmware/ADIN1100D2Z/build/pb.o
                0x100024dc                PB_Init
 .text          0x1000253c      0x140 c:/Users/JPerez32/Documents/ADIN1320/ADIN_V3/Firmware/ADIN1100D2Z/build/startup_max32670.o
                0x1000253c                Reset_Handler
                0x1000257a                HardFault_Handler
                0x1000257c                MemManage_Handler
                0x1000257e                BusFault_Handler
                0x10002580                UsageFault_Handler
                0x10002582                SVC_Handler
                0x10002584                DebugMon_Handler
                0x10002586                PendSV_Handler
                0x10002588                SysTick_Handler
                0x1000258a                Default_Handler
                0x1000258c                PF_IRQHandler
                0x1000258e                WDT0_IRQHandler
                0x10002590                RSV02_IRQHandler
                0x10002592                RTC_IRQHandler
                0x10002594                TRNG_IRQHandler
                0x10002596                TMR0_IRQHandler
                0x10002598                TMR1_IRQHandler
                0x1000259a                TMR2_IRQHandler
                0x1000259c                TMR3_IRQHandler
                0x1000259e                TMR4_IRQHandler
                0x100025a0                TMR5_IRQHandler
                0x100025a2                RSV11_IRQHandler
                0x100025a4                RSV12_IRQHandler
                0x100025a6                I2C0_IRQHandler
                0x100025a8                UART0_IRQHandler
                0x100025aa                UART1_IRQHandler
                0x100025ac                SPI0_IRQHandler
                0x100025ae                SPI1_IRQHandler
                0x100025b0                SPI2_IRQHandler
                0x100025b2                RSV19_IRQHandler
                0x100025b4                RSV20_IRQHandler
                0x100025b6                RSV21_IRQHandler
                0x100025b8                RSV22_IRQHandler
                0x100025ba                FLC0_IRQHandler
                0x100025be                GPIO1_IRQHandler
                0x100025c0                RSV26_IRQHandler
                0x100025c2                RSV27_IRQHandler
                0x100025c4                DMA0_IRQHandler
                0x100025c6                DMA1_IRQHandler
                0x100025c8                DMA2_IRQHandler
                0x100025ca                DMA3_IRQHandler
                0x100025cc                RSV32_IRQHandler
                0x100025ce                RSV33_IRQHandler
                0x100025d0                UART2_IRQHandler
                0x100025d2                RSV35_IRQHandler
                0x100025d4                I2C1_IRQHandler
                0x100025d6                RSV37_IRQHandler
                0x100025d8                RSV38_IRQHandler
                0x100025da                RSV39_IRQHandler
                0x100025dc                RSV40_IRQHandler
                0x100025de                RSV41_IRQHandler
                0x100025e0                RSV42_IRQHandler
                0x100025e2                RSV43_IRQHandler
                0x100025e4                RSV44_IRQHandler
                0x100025e6                RSV45_IRQHandler
                0x100025e8                RSV46_IRQHandler
                0x100025ea                RSV47_IRQHandler
                0x100025ec                RSV48_IRQHandler
                0x100025ee                RSV49_IRQHandler
                0x100025f0                RSV50_IRQHandler
                0x100025f2                RSV51_IRQHandler
                0x100025f4                RSV52_IRQHandler
                0x100025f6                RSV53_IRQHandler
                0x100025f8                GPIOWAKE_IRQHandler
                0x100025fa                RSV55_IRQHandler
                0x100025fc                RSV56_IRQHandler
                0x100025fe                WDT1_IRQHandler
                0x10002600                RSV57_IRQHandler
                0x10002602                RSV58_IRQHandler
                0x10002604                RSV59_IRQHandler
                0x10002606                RSV61_IRQHandler
                0x10002608                I2C2_IRQHandler
                0x1000260a                RSV63_IRQHandler
                0x1000260c                RSV64_IRQHandler
                0x1000260e                RSV65_IRQHandler
                0x10002610                RSV66_IRQHandler
                0x10002612                RSV67_IRQHandler
                0x10002614                DMA4_IRQHandler
                0x10002616                DMA5_IRQHandler
                0x10002618                DMA6_IRQHandler
                0x1000261a                DMA7_IRQHandler
                0x1000261c                DMA8_IRQHandler
                0x1000261e                DMA9_IRQHandler
                0x10002620                DMA10_IRQHandler
                0x10002622                DMA11_IRQHandler
                0x10002624                DMA12_IRQHandler
                0x10002626                DMA13_IRQHandler
                0x10002628                DMA14_IRQHandler
                0x1000262a                DMA15_IRQHandler
                0x1000262c                RSV80_IRQHandler
                0x1000262e                RSV81_IRQHandler
                0x10002630                ECC_IRQHandler
                0x10002632                RSV83_IRQHandler
                0x10002634                RSV84_IRQHandler
                0x10002636                RSV85_IRQHandler
                0x10002638                RSV86_IRQHandler
                0x1000263a                RSV87_IRQHandler
                0x1000263c                UART3_IRQHandler
                0x1000263e                RSV89_IRQHandler
                0x10002640                RSV90_IRQHandler
                0x10002642                RSV91_IRQHandler
                0x10002644                RSV92_IRQHandler
                0x10002646                RSV93_IRQHandler
                0x10002648                RSV94_IRQHandler
                0x1000264a                RSV95_IRQHandler
                0x1000264c                RSV96_IRQHandler
                0x1000264e                AES_IRQHandler
                0x10002650                CRC_IRQHandler
                0x10002652                I2S_IRQHandler
 .text._sbrk    0x1000267c       0x40 c:/Users/JPerez32/Documents/ADIN1320/ADIN_V3/Firmware/ADIN1100D2Z/build/heap.o
                0x1000267c                _sbrk
 .text._getpid  0x100026bc        0x6 c:/Users/JPerez32/Documents/ADIN1320/ADIN_V3/Firmware/ADIN1100D2Z/build/system_max32670.o
                0x100026bc                _getpid
 .text._kill    0x100026c2        0x6 c:/Users/JPerez32/Documents/ADIN1320/ADIN_V3/Firmware/ADIN1100D2Z/build/system_max32670.o
                0x100026c2                _kill
 .text.SystemCoreClockUpdate
                0x100026c8       0x8c c:/Users/JPerez32/Documents/ADIN1320/ADIN_V3/Firmware/ADIN1100D2Z/build/system_max32670.o
                0x100026c8                SystemCoreClockUpdate
 .text.PreInit  0x10002754        0x4 c:/Users/JPerez32/Documents/ADIN1320/ADIN_V3/Firmware/ADIN1100D2Z/build/system_max32670.o
                0x10002754                PreInit
 .text.PinInit  0x10002758        0x2 c:/Users/JPerez32/Documents/ADIN1320/ADIN_V3/Firmware/ADIN1100D2Z/build/system_max32670.o
                0x10002758                PinInit
 *fill*         0x1000275a        0x2 
 .text.SystemInit
                0x1000275c       0x54 c:/Users/JPerez32/Documents/ADIN1320/ADIN_V3/Firmware/ADIN1100D2Z/build/system_max32670.o
                0x1000275c                SystemInit
 .text.NVIC_SetRAM
                0x100027b0       0x24 C:/MaximSDK/Libraries/PeriphDrivers/bin/MAX32670/spi-v1_softfp/libPeriphDriver_spi-v1_softfp.a(nvic_table.o)
                0x100027b0                NVIC_SetRAM
 .text.MXC_NVIC_SetVector
                0x100027d4       0x44 C:/MaximSDK/Libraries/PeriphDrivers/bin/MAX32670/spi-v1_softfp/libPeriphDriver_spi-v1_softfp.a(nvic_table.o)
                0x100027d4                MXC_NVIC_SetVector
 .text.MXC_SYS_ClockDisable
                0x10002818       0x48 C:/MaximSDK/Libraries/PeriphDrivers/bin/MAX32670/spi-v1_softfp/libPeriphDriver_spi-v1_softfp.a(sys_me15.o)
                0x10002818                MXC_SYS_ClockDisable
 .text.MXC_SYS_ClockEnable
                0x10002860       0x50 C:/MaximSDK/Libraries/PeriphDrivers/bin/MAX32670/spi-v1_softfp/libPeriphDriver_spi-v1_softfp.a(sys_me15.o)
                0x10002860                MXC_SYS_ClockEnable
 .text.MXC_SYS_RTCClockEnable
                0x100028b0       0x1c C:/MaximSDK/Libraries/PeriphDrivers/bin/MAX32670/spi-v1_softfp/libPeriphDriver_spi-v1_softfp.a(sys_me15.o)
                0x100028b0                MXC_SYS_RTCClockEnable
 .text.MXC_SYS_Clock_Timeout
                0x100028cc       0x44 C:/MaximSDK/Libraries/PeriphDrivers/bin/MAX32670/spi-v1_softfp/libPeriphDriver_spi-v1_softfp.a(sys_me15.o)
                0x100028cc                MXC_SYS_Clock_Timeout
 .text.MXC_SYS_ClockSourceEnable
                0x10002910       0x98 C:/MaximSDK/Libraries/PeriphDrivers/bin/MAX32670/spi-v1_softfp/libPeriphDriver_spi-v1_softfp.a(sys_me15.o)
                0x10002910                MXC_SYS_ClockSourceEnable
 .text.MXC_SYS_Clock_Select
                0x100029a8      0x172 C:/MaximSDK/Libraries/PeriphDrivers/bin/MAX32670/spi-v1_softfp/libPeriphDriver_spi-v1_softfp.a(sys_me15.o)
                0x100029a8                MXC_SYS_Clock_Select
 *fill*         0x10002b1a        0x2 
 .text.MXC_SYS_Reset_Periph
                0x10002b1c       0x6c C:/MaximSDK/Libraries/PeriphDrivers/bin/MAX32670/spi-v1_softfp/libPeriphDriver_spi-v1_softfp.a(sys_me15.o)
                0x10002b1c                MXC_SYS_Reset_Periph
 .text.MXC_GPIO_InGet
                0x10002b88        0x8 C:/MaximSDK/Libraries/PeriphDrivers/bin/MAX32670/spi-v1_softfp/libPeriphDriver_spi-v1_softfp.a(gpio_me15.o)
                0x10002b88                MXC_GPIO_InGet
 .text.MXC_GPIO_OutSet
                0x10002b90        0x8 C:/MaximSDK/Libraries/PeriphDrivers/bin/MAX32670/spi-v1_softfp/libPeriphDriver_spi-v1_softfp.a(gpio_me15.o)
                0x10002b90                MXC_GPIO_OutSet
 .text.MXC_GPIO_OutClr
                0x10002b98        0x8 C:/MaximSDK/Libraries/PeriphDrivers/bin/MAX32670/spi-v1_softfp/libPeriphDriver_spi-v1_softfp.a(gpio_me15.o)
                0x10002b98                MXC_GPIO_OutClr
 .text.MXC_GPIO_Handler
                0x10002ba0        0x8 C:/MaximSDK/Libraries/PeriphDrivers/bin/MAX32670/spi-v1_softfp/libPeriphDriver_spi-v1_softfp.a(gpio_me15.o)
                0x10002ba0                MXC_GPIO_Handler
 .text.MXC_GPIO_ClearFlags
                0x10002ba8        0x8 C:/MaximSDK/Libraries/PeriphDrivers/bin/MAX32670/spi-v1_softfp/libPeriphDriver_spi-v1_softfp.a(gpio_me15.o)
                0x10002ba8                MXC_GPIO_ClearFlags
 .text.MXC_GPIO_GetFlags
                0x10002bb0        0x8 C:/MaximSDK/Libraries/PeriphDrivers/bin/MAX32670/spi-v1_softfp/libPeriphDriver_spi-v1_softfp.a(gpio_me15.o)
                0x10002bb0                MXC_GPIO_GetFlags
 .text.MXC_GPIO_SetDriveStrength
                0x10002bb8        0x8 C:/MaximSDK/Libraries/PeriphDrivers/bin/MAX32670/spi-v1_softfp/libPeriphDriver_spi-v1_softfp.a(gpio_me15.o)
                0x10002bb8                MXC_GPIO_SetDriveStrength
 .text.MXC_GPIO_GetConfigLock
                0x10002bc0        0x8 C:/MaximSDK/Libraries/PeriphDrivers/bin/MAX32670/spi-v1_softfp/libPeriphDriver_spi-v1_softfp.a(gpio_me15.o)
                0x10002bc0                MXC_GPIO_GetConfigLock
 .text.MXC_GPIO_Config
                0x10002bc8       0x78 C:/MaximSDK/Libraries/PeriphDrivers/bin/MAX32670/spi-v1_softfp/libPeriphDriver_spi-v1_softfp.a(gpio_me15.o)
                0x10002bc8                MXC_GPIO_Config
 .text.MXC_GPIO_RevA_InGet
                0x10002c40        0x6 C:/MaximSDK/Libraries/PeriphDrivers/bin/MAX32670/spi-v1_softfp/libPeriphDriver_spi-v1_softfp.a(gpio_reva.o)
                0x10002c40                MXC_GPIO_RevA_InGet
 .text.MXC_GPIO_RevA_OutSet
                0x10002c46        0x4 C:/MaximSDK/Libraries/PeriphDrivers/bin/MAX32670/spi-v1_softfp/libPeriphDriver_spi-v1_softfp.a(gpio_reva.o)
                0x10002c46                MXC_GPIO_RevA_OutSet
 .text.MXC_GPIO_RevA_OutClr
                0x10002c4a        0x4 C:/MaximSDK/Libraries/PeriphDrivers/bin/MAX32670/spi-v1_softfp/libPeriphDriver_spi-v1_softfp.a(gpio_reva.o)
                0x10002c4a                MXC_GPIO_RevA_OutClr
 .text.MXC_GPIO_RevA_ClearFlags
                0x10002c4e        0x4 C:/MaximSDK/Libraries/PeriphDrivers/bin/MAX32670/spi-v1_softfp/libPeriphDriver_spi-v1_softfp.a(gpio_reva.o)
                0x10002c4e                MXC_GPIO_RevA_ClearFlags
 .text.MXC_GPIO_RevA_GetFlags
                0x10002c52        0x4 C:/MaximSDK/Libraries/PeriphDrivers/bin/MAX32670/spi-v1_softfp/libPeriphDriver_spi-v1_softfp.a(gpio_reva.o)
                0x10002c52                MXC_GPIO_RevA_GetFlags
 .text.MXC_GPIO_RevA_SetAF
                0x10002c56       0x88 C:/MaximSDK/Libraries/PeriphDrivers/bin/MAX32670/spi-v1_softfp/libPeriphDriver_spi-v1_softfp.a(gpio_reva.o)
                0x10002c56                MXC_GPIO_RevA_SetAF
 .text.MXC_GPIO_RevA_SetDriveStrength
                0x10002cde       0x98 C:/MaximSDK/Libraries/PeriphDrivers/bin/MAX32670/spi-v1_softfp/libPeriphDriver_spi-v1_softfp.a(gpio_reva.o)
                0x10002cde                MXC_GPIO_RevA_SetDriveStrength
 *fill*         0x10002d76        0x2 
 .text.MXC_SPI_Init
                0x10002d78       0xd8 C:/MaximSDK/Libraries/PeriphDrivers/bin/MAX32670/spi-v1_softfp/libPeriphDriver_spi-v1_softfp.a(spi_me15.o)
                0x10002d78                MXC_SPI_Init
 .text.MXC_SPI_GetPeripheralClock
                0x10002e50       0x2c C:/MaximSDK/Libraries/PeriphDrivers/bin/MAX32670/spi-v1_softfp/libPeriphDriver_spi-v1_softfp.a(spi_me15.o)
                0x10002e50                MXC_SPI_GetPeripheralClock
 .text.MXC_SPI_SetFrequency
                0x10002e7c        0x8 C:/MaximSDK/Libraries/PeriphDrivers/bin/MAX32670/spi-v1_softfp/libPeriphDriver_spi-v1_softfp.a(spi_me15.o)
                0x10002e7c                MXC_SPI_SetFrequency
 .text.MXC_SPI_SetDataSize
                0x10002e84        0x8 C:/MaximSDK/Libraries/PeriphDrivers/bin/MAX32670/spi-v1_softfp/libPeriphDriver_spi-v1_softfp.a(spi_me15.o)
                0x10002e84                MXC_SPI_SetDataSize
 .text.MXC_SPI_GetDataSize
                0x10002e8c        0x8 C:/MaximSDK/Libraries/PeriphDrivers/bin/MAX32670/spi-v1_softfp/libPeriphDriver_spi-v1_softfp.a(spi_me15.o)
                0x10002e8c                MXC_SPI_GetDataSize
 .text.MXC_SPI_SetSlave
                0x10002e94        0x8 C:/MaximSDK/Libraries/PeriphDrivers/bin/MAX32670/spi-v1_softfp/libPeriphDriver_spi-v1_softfp.a(spi_me15.o)
                0x10002e94                MXC_SPI_SetSlave
 .text.MXC_SPI_SetWidth
                0x10002e9c        0x8 C:/MaximSDK/Libraries/PeriphDrivers/bin/MAX32670/spi-v1_softfp/libPeriphDriver_spi-v1_softfp.a(spi_me15.o)
                0x10002e9c                MXC_SPI_SetWidth
 .text.MXC_SPI_GetWidth
                0x10002ea4        0x8 C:/MaximSDK/Libraries/PeriphDrivers/bin/MAX32670/spi-v1_softfp/libPeriphDriver_spi-v1_softfp.a(spi_me15.o)
                0x10002ea4                MXC_SPI_GetWidth
 .text.MXC_SPI_StartTransmission
                0x10002eac        0x8 C:/MaximSDK/Libraries/PeriphDrivers/bin/MAX32670/spi-v1_softfp/libPeriphDriver_spi-v1_softfp.a(spi_me15.o)
                0x10002eac                MXC_SPI_StartTransmission
 .text.MXC_SPI_GetActive
                0x10002eb4        0x8 C:/MaximSDK/Libraries/PeriphDrivers/bin/MAX32670/spi-v1_softfp/libPeriphDriver_spi-v1_softfp.a(spi_me15.o)
                0x10002eb4                MXC_SPI_GetActive
 .text.MXC_SPI_ReadRXFIFO
                0x10002ebc        0x8 C:/MaximSDK/Libraries/PeriphDrivers/bin/MAX32670/spi-v1_softfp/libPeriphDriver_spi-v1_softfp.a(spi_me15.o)
                0x10002ebc                MXC_SPI_ReadRXFIFO
 .text.MXC_SPI_GetRXFIFOAvailable
                0x10002ec4        0x8 C:/MaximSDK/Libraries/PeriphDrivers/bin/MAX32670/spi-v1_softfp/libPeriphDriver_spi-v1_softfp.a(spi_me15.o)
                0x10002ec4                MXC_SPI_GetRXFIFOAvailable
 .text.MXC_SPI_WriteTXFIFO
                0x10002ecc        0x8 C:/MaximSDK/Libraries/PeriphDrivers/bin/MAX32670/spi-v1_softfp/libPeriphDriver_spi-v1_softfp.a(spi_me15.o)
                0x10002ecc                MXC_SPI_WriteTXFIFO
 .text.MXC_SPI_GetTXFIFOAvailable
                0x10002ed4        0x8 C:/MaximSDK/Libraries/PeriphDrivers/bin/MAX32670/spi-v1_softfp/libPeriphDriver_spi-v1_softfp.a(spi_me15.o)
                0x10002ed4                MXC_SPI_GetTXFIFOAvailable
 .text.MXC_SPI_SetRXThreshold
                0x10002edc        0x8 C:/MaximSDK/Libraries/PeriphDrivers/bin/MAX32670/spi-v1_softfp/libPeriphDriver_spi-v1_softfp.a(spi_me15.o)
                0x10002edc                MXC_SPI_SetRXThreshold
 .text.MXC_SPI_SetTXThreshold
                0x10002ee4        0x8 C:/MaximSDK/Libraries/PeriphDrivers/bin/MAX32670/spi-v1_softfp/libPeriphDriver_spi-v1_softfp.a(spi_me15.o)
                0x10002ee4                MXC_SPI_SetTXThreshold
 .text.MXC_SPI_MasterTransaction
                0x10002eec        0x8 C:/MaximSDK/Libraries/PeriphDrivers/bin/MAX32670/spi-v1_softfp/libPeriphDriver_spi-v1_softfp.a(spi_me15.o)
                0x10002eec                MXC_SPI_MasterTransaction
 .text.MXC_SPI_RevA1_TransSetup
                0x10002ef4      0x1d0 C:/MaximSDK/Libraries/PeriphDrivers/bin/MAX32670/spi-v1_softfp/libPeriphDriver_spi-v1_softfp.a(spi_reva1.o)
 .text.MXC_SPI_RevA1_TransHandler
                0x100030c4      0x198 C:/MaximSDK/Libraries/PeriphDrivers/bin/MAX32670/spi-v1_softfp/libPeriphDriver_spi-v1_softfp.a(spi_reva1.o)
 .text.MXC_SPI_RevA1_MasterTransHandler
                0x1000325c       0xa4 C:/MaximSDK/Libraries/PeriphDrivers/bin/MAX32670/spi-v1_softfp/libPeriphDriver_spi-v1_softfp.a(spi_reva1.o)
 .text.MXC_SPI_RevA1_Init
                0x10003300      0x110 C:/MaximSDK/Libraries/PeriphDrivers/bin/MAX32670/spi-v1_softfp/libPeriphDriver_spi-v1_softfp.a(spi_reva1.o)
                0x10003300                MXC_SPI_RevA1_Init
 .text.MXC_SPI_RevA1_SetFrequency
                0x10003410       0x84 C:/MaximSDK/Libraries/PeriphDrivers/bin/MAX32670/spi-v1_softfp/libPeriphDriver_spi-v1_softfp.a(spi_reva1.o)
                0x10003410                MXC_SPI_RevA1_SetFrequency
 .text.MXC_SPI_RevA1_SetDataSize
                0x10003494       0xa8 C:/MaximSDK/Libraries/PeriphDrivers/bin/MAX32670/spi-v1_softfp/libPeriphDriver_spi-v1_softfp.a(spi_reva1.o)
                0x10003494                MXC_SPI_RevA1_SetDataSize
 .text.MXC_SPI_RevA1_GetDataSize
                0x1000353c       0x14 C:/MaximSDK/Libraries/PeriphDrivers/bin/MAX32670/spi-v1_softfp/libPeriphDriver_spi-v1_softfp.a(spi_reva1.o)
                0x1000353c                MXC_SPI_RevA1_GetDataSize
 .text.MXC_SPI_RevA1_SetSlave
                0x10003550       0x80 C:/MaximSDK/Libraries/PeriphDrivers/bin/MAX32670/spi-v1_softfp/libPeriphDriver_spi-v1_softfp.a(spi_reva1.o)
                0x10003550                MXC_SPI_RevA1_SetSlave
 .text.MXC_SPI_RevA1_SetWidth
                0x100035d0       0x3a C:/MaximSDK/Libraries/PeriphDrivers/bin/MAX32670/spi-v1_softfp/libPeriphDriver_spi-v1_softfp.a(spi_reva1.o)
                0x100035d0                MXC_SPI_RevA1_SetWidth
 .text.MXC_SPI_RevA1_GetWidth
                0x1000360a       0x28 C:/MaximSDK/Libraries/PeriphDrivers/bin/MAX32670/spi-v1_softfp/libPeriphDriver_spi-v1_softfp.a(spi_reva1.o)
                0x1000360a                MXC_SPI_RevA1_GetWidth
 .text.MXC_SPI_RevA1_StartTransmission
                0x10003632       0x1a C:/MaximSDK/Libraries/PeriphDrivers/bin/MAX32670/spi-v1_softfp/libPeriphDriver_spi-v1_softfp.a(spi_reva1.o)
                0x10003632                MXC_SPI_RevA1_StartTransmission
 .text.MXC_SPI_RevA1_GetActive
                0x1000364c       0x12 C:/MaximSDK/Libraries/PeriphDrivers/bin/MAX32670/spi-v1_softfp/libPeriphDriver_spi-v1_softfp.a(spi_reva1.o)
                0x1000364c                MXC_SPI_RevA1_GetActive
 .text.MXC_SPI_RevA1_ReadRXFIFO
                0x1000365e       0x64 C:/MaximSDK/Libraries/PeriphDrivers/bin/MAX32670/spi-v1_softfp/libPeriphDriver_spi-v1_softfp.a(spi_reva1.o)
                0x1000365e                MXC_SPI_RevA1_ReadRXFIFO
 .text.MXC_SPI_RevA1_GetRXFIFOAvailable
                0x100036c2        0x8 C:/MaximSDK/Libraries/PeriphDrivers/bin/MAX32670/spi-v1_softfp/libPeriphDriver_spi-v1_softfp.a(spi_reva1.o)
                0x100036c2                MXC_SPI_RevA1_GetRXFIFOAvailable
 .text.MXC_SPI_RevA1_WriteTXFIFO
                0x100036ca       0x60 C:/MaximSDK/Libraries/PeriphDrivers/bin/MAX32670/spi-v1_softfp/libPeriphDriver_spi-v1_softfp.a(spi_reva1.o)
                0x100036ca                MXC_SPI_RevA1_WriteTXFIFO
 .text.MXC_SPI_RevA1_GetTXFIFOAvailable
                0x1000372a        0xc C:/MaximSDK/Libraries/PeriphDrivers/bin/MAX32670/spi-v1_softfp/libPeriphDriver_spi-v1_softfp.a(spi_reva1.o)
                0x1000372a                MXC_SPI_RevA1_GetTXFIFOAvailable
 .text.MXC_SPI_RevA1_SetRXThreshold
                0x10003736       0x1e C:/MaximSDK/Libraries/PeriphDrivers/bin/MAX32670/spi-v1_softfp/libPeriphDriver_spi-v1_softfp.a(spi_reva1.o)
                0x10003736                MXC_SPI_RevA1_SetRXThreshold
 .text.MXC_SPI_RevA1_SetTXThreshold
                0x10003754       0x1e C:/MaximSDK/Libraries/PeriphDrivers/bin/MAX32670/spi-v1_softfp/libPeriphDriver_spi-v1_softfp.a(spi_reva1.o)
                0x10003754                MXC_SPI_RevA1_SetTXThreshold
 *fill*         0x10003772        0x2 
 .text.MXC_SPI_RevA1_MasterTransaction
                0x10003774       0x68 C:/MaximSDK/Libraries/PeriphDrivers/bin/MAX32670/spi-v1_softfp/libPeriphDriver_spi-v1_softfp.a(spi_reva1.o)
                0x10003774                MXC_SPI_RevA1_MasterTransaction
 .text.MXC_TMR_Init
                0x100037dc      0x258 C:/MaximSDK/Libraries/PeriphDrivers/bin/MAX32670/spi-v1_softfp/libPeriphDriver_spi-v1_softfp.a(tmr_me15.o)
                0x100037dc                MXC_TMR_Init
 .text.MXC_TMR_Shutdown
                0x10003a34       0xc4 C:/MaximSDK/Libraries/PeriphDrivers/bin/MAX32670/spi-v1_softfp/libPeriphDriver_spi-v1_softfp.a(tmr_me15.o)
                0x10003a34                MXC_TMR_Shutdown
 .text.MXC_TMR_Start
                0x10003af8        0x8 C:/MaximSDK/Libraries/PeriphDrivers/bin/MAX32670/spi-v1_softfp/libPeriphDriver_spi-v1_softfp.a(tmr_me15.o)
                0x10003af8                MXC_TMR_Start
 .text.MXC_TMR_Stop
                0x10003b00        0x8 C:/MaximSDK/Libraries/PeriphDrivers/bin/MAX32670/spi-v1_softfp/libPeriphDriver_spi-v1_softfp.a(tmr_me15.o)
                0x10003b00                MXC_TMR_Stop
 .text.MXC_TMR_GetPeriod
                0x10003b08       0xd4 C:/MaximSDK/Libraries/PeriphDrivers/bin/MAX32670/spi-v1_softfp/libPeriphDriver_spi-v1_softfp.a(tmr_me15.o)
                0x10003b08                MXC_TMR_GetPeriod
 .text.MXC_TMR_ClearFlags
                0x10003bdc        0x8 C:/MaximSDK/Libraries/PeriphDrivers/bin/MAX32670/spi-v1_softfp/libPeriphDriver_spi-v1_softfp.a(tmr_me15.o)
                0x10003bdc                MXC_TMR_ClearFlags
 .text.MXC_TMR_EnableInt
                0x10003be4        0x8 C:/MaximSDK/Libraries/PeriphDrivers/bin/MAX32670/spi-v1_softfp/libPeriphDriver_spi-v1_softfp.a(tmr_me15.o)
                0x10003be4                MXC_TMR_EnableInt
 .text.MXC_TMR_SetCompare
                0x10003bec        0x8 C:/MaximSDK/Libraries/PeriphDrivers/bin/MAX32670/spi-v1_softfp/libPeriphDriver_spi-v1_softfp.a(tmr_me15.o)
                0x10003bec                MXC_TMR_SetCompare
 .text.MXC_TMR_RevB_SetClockSource
                0x10003bf4       0x98 C:/MaximSDK/Libraries/PeriphDrivers/bin/MAX32670/spi-v1_softfp/libPeriphDriver_spi-v1_softfp.a(tmr_revb.o)
                0x10003bf4                MXC_TMR_RevB_SetClockSource
 .text.MXC_TMR_RevB_SetPrescalar
                0x10003c8c       0x2e C:/MaximSDK/Libraries/PeriphDrivers/bin/MAX32670/spi-v1_softfp/libPeriphDriver_spi-v1_softfp.a(tmr_revb.o)
                0x10003c8c                MXC_TMR_RevB_SetPrescalar
 *fill*         0x10003cba        0x2 
 .text.MXC_TMR_RevB_SetClockSourceFreq
                0x10003cbc       0x84 C:/MaximSDK/Libraries/PeriphDrivers/bin/MAX32670/spi-v1_softfp/libPeriphDriver_spi-v1_softfp.a(tmr_revb.o)
                0x10003cbc                MXC_TMR_RevB_SetClockSourceFreq
 .text.MXC_TMR_RevB_ConfigGeneric
                0x10003d40       0xb0 C:/MaximSDK/Libraries/PeriphDrivers/bin/MAX32670/spi-v1_softfp/libPeriphDriver_spi-v1_softfp.a(tmr_revb.o)
                0x10003d40                MXC_TMR_RevB_ConfigGeneric
 .text.MXC_TMR_RevB_Init
                0x10003df0      0x15c C:/MaximSDK/Libraries/PeriphDrivers/bin/MAX32670/spi-v1_softfp/libPeriphDriver_spi-v1_softfp.a(tmr_revb.o)
                0x10003df0                MXC_TMR_RevB_Init
 .text.MXC_TMR_RevB_Start
                0x10003f4c       0x80 C:/MaximSDK/Libraries/PeriphDrivers/bin/MAX32670/spi-v1_softfp/libPeriphDriver_spi-v1_softfp.a(tmr_revb.o)
                0x10003f4c                MXC_TMR_RevB_Start
 .text.MXC_TMR_RevB_Stop
                0x10003fcc       0x58 C:/MaximSDK/Libraries/PeriphDrivers/bin/MAX32670/spi-v1_softfp/libPeriphDriver_spi-v1_softfp.a(tmr_revb.o)
                0x10003fcc                MXC_TMR_RevB_Stop
 .text.MXC_TMR_RevB_Shutdown
                0x10004024       0x88 C:/MaximSDK/Libraries/PeriphDrivers/bin/MAX32670/spi-v1_softfp/libPeriphDriver_spi-v1_softfp.a(tmr_revb.o)
                0x10004024                MXC_TMR_RevB_Shutdown
 .text.MXC_TMR_RevB_GetPeriod
                0x100040ac       0x5c C:/MaximSDK/Libraries/PeriphDrivers/bin/MAX32670/spi-v1_softfp/libPeriphDriver_spi-v1_softfp.a(tmr_revb.o)
                0x100040ac                MXC_TMR_RevB_GetPeriod
 .text.MXC_TMR_RevB_ClearFlags
                0x10004108       0x58 C:/MaximSDK/Libraries/PeriphDrivers/bin/MAX32670/spi-v1_softfp/libPeriphDriver_spi-v1_softfp.a(tmr_revb.o)
                0x10004108                MXC_TMR_RevB_ClearFlags
 .text.MXC_TMR_RevB_EnableInt
                0x10004160       0x58 C:/MaximSDK/Libraries/PeriphDrivers/bin/MAX32670/spi-v1_softfp/libPeriphDriver_spi-v1_softfp.a(tmr_revb.o)
                0x10004160                MXC_TMR_RevB_EnableInt
 .text.MXC_TMR_RevB_SetCompare
                0x100041b8       0x54 C:/MaximSDK/Libraries/PeriphDrivers/bin/MAX32670/spi-v1_softfp/libPeriphDriver_spi-v1_softfp.a(tmr_revb.o)
                0x100041b8                MXC_TMR_RevB_SetCompare
 .text.MXC_UART_AsyncCallback
                0x1000420c        0x8 C:/MaximSDK/Libraries/PeriphDrivers/bin/MAX32670/spi-v1_softfp/libPeriphDriver_spi-v1_softfp.a(uart_me15.o)
                0x1000420c                MXC_UART_AsyncCallback
 .text.MXC_UART_AsyncStop
                0x10004214        0x8 C:/MaximSDK/Libraries/PeriphDrivers/bin/MAX32670/spi-v1_softfp/libPeriphDriver_spi-v1_softfp.a(uart_me15.o)
                0x10004214                MXC_UART_AsyncStop
 .text.MXC_UART_Shutdown
                0x1000421c       0x80 C:/MaximSDK/Libraries/PeriphDrivers/bin/MAX32670/spi-v1_softfp/libPeriphDriver_spi-v1_softfp.a(uart_me15.o)
                0x1000421c                MXC_UART_Shutdown
 .text.MXC_UART_SetFrequency
                0x1000429c      0x104 C:/MaximSDK/Libraries/PeriphDrivers/bin/MAX32670/spi-v1_softfp/libPeriphDriver_spi-v1_softfp.a(uart_me15.o)
                0x1000429c                MXC_UART_SetFrequency
 .text.MXC_UART_SetDataSize
                0x100043a0        0x8 C:/MaximSDK/Libraries/PeriphDrivers/bin/MAX32670/spi-v1_softfp/libPeriphDriver_spi-v1_softfp.a(uart_me15.o)
                0x100043a0                MXC_UART_SetDataSize
 .text.MXC_UART_SetStopBits
                0x100043a8        0x8 C:/MaximSDK/Libraries/PeriphDrivers/bin/MAX32670/spi-v1_softfp/libPeriphDriver_spi-v1_softfp.a(uart_me15.o)
                0x100043a8                MXC_UART_SetStopBits
 .text.MXC_UART_SetParity
                0x100043b0        0x8 C:/MaximSDK/Libraries/PeriphDrivers/bin/MAX32670/spi-v1_softfp/libPeriphDriver_spi-v1_softfp.a(uart_me15.o)
                0x100043b0                MXC_UART_SetParity
 .text.MXC_UART_SetClockSource
                0x100043b8       0xac C:/MaximSDK/Libraries/PeriphDrivers/bin/MAX32670/spi-v1_softfp/libPeriphDriver_spi-v1_softfp.a(uart_me15.o)
                0x100043b8                MXC_UART_SetClockSource
 .text.MXC_UART_GetClockSource
                0x10004464       0x74 C:/MaximSDK/Libraries/PeriphDrivers/bin/MAX32670/spi-v1_softfp/libPeriphDriver_spi-v1_softfp.a(uart_me15.o)
                0x10004464                MXC_UART_GetClockSource
 .text.MXC_UART_Init
                0x100044d8       0xb8 C:/MaximSDK/Libraries/PeriphDrivers/bin/MAX32670/spi-v1_softfp/libPeriphDriver_spi-v1_softfp.a(uart_me15.o)
                0x100044d8                MXC_UART_Init
 .text.MXC_UART_ReadCharacterRaw
                0x10004590        0x8 C:/MaximSDK/Libraries/PeriphDrivers/bin/MAX32670/spi-v1_softfp/libPeriphDriver_spi-v1_softfp.a(uart_me15.o)
                0x10004590                MXC_UART_ReadCharacterRaw
 .text.MXC_UART_WriteCharacterRaw
                0x10004598        0x8 C:/MaximSDK/Libraries/PeriphDrivers/bin/MAX32670/spi-v1_softfp/libPeriphDriver_spi-v1_softfp.a(uart_me15.o)
                0x10004598                MXC_UART_WriteCharacterRaw
 .text.MXC_UART_ReadCharacter
                0x100045a0        0x8 C:/MaximSDK/Libraries/PeriphDrivers/bin/MAX32670/spi-v1_softfp/libPeriphDriver_spi-v1_softfp.a(uart_me15.o)
                0x100045a0                MXC_UART_ReadCharacter
 .text.MXC_UART_WriteCharacter
                0x100045a8        0x8 C:/MaximSDK/Libraries/PeriphDrivers/bin/MAX32670/spi-v1_softfp/libPeriphDriver_spi-v1_softfp.a(uart_me15.o)
                0x100045a8                MXC_UART_WriteCharacter
 .text.MXC_UART_ReadRXFIFO
                0x100045b0        0x8 C:/MaximSDK/Libraries/PeriphDrivers/bin/MAX32670/spi-v1_softfp/libPeriphDriver_spi-v1_softfp.a(uart_me15.o)
                0x100045b0                MXC_UART_ReadRXFIFO
 .text.MXC_UART_GetRXFIFOAvailable
                0x100045b8        0x8 C:/MaximSDK/Libraries/PeriphDrivers/bin/MAX32670/spi-v1_softfp/libPeriphDriver_spi-v1_softfp.a(uart_me15.o)
                0x100045b8                MXC_UART_GetRXFIFOAvailable
 .text.MXC_UART_WriteTXFIFO
                0x100045c0        0x8 C:/MaximSDK/Libraries/PeriphDrivers/bin/MAX32670/spi-v1_softfp/libPeriphDriver_spi-v1_softfp.a(uart_me15.o)
                0x100045c0                MXC_UART_WriteTXFIFO
 .text.MXC_UART_GetTXFIFOAvailable
                0x100045c8        0x8 C:/MaximSDK/Libraries/PeriphDrivers/bin/MAX32670/spi-v1_softfp/libPeriphDriver_spi-v1_softfp.a(uart_me15.o)
                0x100045c8                MXC_UART_GetTXFIFOAvailable
 .text.MXC_UART_ClearTXFIFO
                0x100045d0        0x8 C:/MaximSDK/Libraries/PeriphDrivers/bin/MAX32670/spi-v1_softfp/libPeriphDriver_spi-v1_softfp.a(uart_me15.o)
                0x100045d0                MXC_UART_ClearTXFIFO
 .text.MXC_UART_SetRXThreshold
                0x100045d8        0x8 C:/MaximSDK/Libraries/PeriphDrivers/bin/MAX32670/spi-v1_softfp/libPeriphDriver_spi-v1_softfp.a(uart_me15.o)
                0x100045d8                MXC_UART_SetRXThreshold
 .text.MXC_UART_GetFlags
                0x100045e0        0x8 C:/MaximSDK/Libraries/PeriphDrivers/bin/MAX32670/spi-v1_softfp/libPeriphDriver_spi-v1_softfp.a(uart_me15.o)
                0x100045e0                MXC_UART_GetFlags
 .text.MXC_UART_ClearFlags
                0x100045e8        0x8 C:/MaximSDK/Libraries/PeriphDrivers/bin/MAX32670/spi-v1_softfp/libPeriphDriver_spi-v1_softfp.a(uart_me15.o)
                0x100045e8                MXC_UART_ClearFlags
 .text.MXC_UART_EnableInt
                0x100045f0        0x8 C:/MaximSDK/Libraries/PeriphDrivers/bin/MAX32670/spi-v1_softfp/libPeriphDriver_spi-v1_softfp.a(uart_me15.o)
                0x100045f0                MXC_UART_EnableInt
 .text.MXC_UART_DisableInt
                0x100045f8        0x8 C:/MaximSDK/Libraries/PeriphDrivers/bin/MAX32670/spi-v1_softfp/libPeriphDriver_spi-v1_softfp.a(uart_me15.o)
                0x100045f8                MXC_UART_DisableInt
 .text.MXC_UART_TransactionAsync
                0x10004600        0x8 C:/MaximSDK/Libraries/PeriphDrivers/bin/MAX32670/spi-v1_softfp/libPeriphDriver_spi-v1_softfp.a(uart_me15.o)
                0x10004600                MXC_UART_TransactionAsync
 .text.MXC_UART_AsyncHandler
                0x10004608        0x8 C:/MaximSDK/Libraries/PeriphDrivers/bin/MAX32670/spi-v1_softfp/libPeriphDriver_spi-v1_softfp.a(uart_me15.o)
                0x10004608                MXC_UART_AsyncHandler
 .text.emptyRxAsync
                0x10004610       0x52 C:/MaximSDK/Libraries/PeriphDrivers/bin/MAX32670/spi-v1_softfp/libPeriphDriver_spi-v1_softfp.a(uart_revb.o)
 *fill*         0x10004662        0x2 
 .text.MXC_UART_RevB_Init
                0x10004664       0xe8 C:/MaximSDK/Libraries/PeriphDrivers/bin/MAX32670/spi-v1_softfp/libPeriphDriver_spi-v1_softfp.a(uart_revb.o)
                0x10004664                MXC_UART_RevB_Init
 .text.MXC_UART_RevB_SetFrequency
                0x1000474c       0x1e C:/MaximSDK/Libraries/PeriphDrivers/bin/MAX32670/spi-v1_softfp/libPeriphDriver_spi-v1_softfp.a(uart_revb.o)
                0x1000474c                MXC_UART_RevB_SetFrequency
 .text.MXC_UART_RevB_SetDataSize
                0x1000476a       0x20 C:/MaximSDK/Libraries/PeriphDrivers/bin/MAX32670/spi-v1_softfp/libPeriphDriver_spi-v1_softfp.a(uart_revb.o)
                0x1000476a                MXC_UART_RevB_SetDataSize
 .text.MXC_UART_RevB_SetStopBits
                0x1000478a       0x24 C:/MaximSDK/Libraries/PeriphDrivers/bin/MAX32670/spi-v1_softfp/libPeriphDriver_spi-v1_softfp.a(uart_revb.o)
                0x1000478a                MXC_UART_RevB_SetStopBits
 .text.MXC_UART_RevB_SetParity
                0x100047ae       0x90 C:/MaximSDK/Libraries/PeriphDrivers/bin/MAX32670/spi-v1_softfp/libPeriphDriver_spi-v1_softfp.a(uart_revb.o)
                0x100047ae                MXC_UART_RevB_SetParity
 *fill*         0x1000483e        0x2 
 .text.MXC_UART_RevB_SetClockSource
                0x10004840       0x9c C:/MaximSDK/Libraries/PeriphDrivers/bin/MAX32670/spi-v1_softfp/libPeriphDriver_spi-v1_softfp.a(uart_revb.o)
                0x10004840                MXC_UART_RevB_SetClockSource
 .text.MXC_UART_RevB_GetClockSource
                0x100048dc        0x8 C:/MaximSDK/Libraries/PeriphDrivers/bin/MAX32670/spi-v1_softfp/libPeriphDriver_spi-v1_softfp.a(uart_revb.o)
                0x100048dc                MXC_UART_RevB_GetClockSource
 .text.MXC_UART_RevB_ReadCharacterRaw
                0x100048e4       0x12 C:/MaximSDK/Libraries/PeriphDrivers/bin/MAX32670/spi-v1_softfp/libPeriphDriver_spi-v1_softfp.a(uart_revb.o)
                0x100048e4                MXC_UART_RevB_ReadCharacterRaw
 .text.MXC_UART_RevB_WriteCharacterRaw
                0x100048f6       0x14 C:/MaximSDK/Libraries/PeriphDrivers/bin/MAX32670/spi-v1_softfp/libPeriphDriver_spi-v1_softfp.a(uart_revb.o)
                0x100048f6                MXC_UART_RevB_WriteCharacterRaw
 .text.MXC_UART_RevB_ReadRXFIFO
                0x1000490a       0x24 C:/MaximSDK/Libraries/PeriphDrivers/bin/MAX32670/spi-v1_softfp/libPeriphDriver_spi-v1_softfp.a(uart_revb.o)
                0x1000490a                MXC_UART_RevB_ReadRXFIFO
 .text.MXC_UART_RevB_GetRXFIFOAvailable
                0x1000492e        0x8 C:/MaximSDK/Libraries/PeriphDrivers/bin/MAX32670/spi-v1_softfp/libPeriphDriver_spi-v1_softfp.a(uart_revb.o)
                0x1000492e                MXC_UART_RevB_GetRXFIFOAvailable
 .text.MXC_UART_RevB_WriteTXFIFO
                0x10004936       0x24 C:/MaximSDK/Libraries/PeriphDrivers/bin/MAX32670/spi-v1_softfp/libPeriphDriver_spi-v1_softfp.a(uart_revb.o)
                0x10004936                MXC_UART_RevB_WriteTXFIFO
 .text.MXC_UART_RevB_GetTXFIFOAvailable
                0x1000495a        0xc C:/MaximSDK/Libraries/PeriphDrivers/bin/MAX32670/spi-v1_softfp/libPeriphDriver_spi-v1_softfp.a(uart_revb.o)
                0x1000495a                MXC_UART_RevB_GetTXFIFOAvailable
 .text.MXC_UART_RevB_ClearTXFIFO
                0x10004966       0x14 C:/MaximSDK/Libraries/PeriphDrivers/bin/MAX32670/spi-v1_softfp/libPeriphDriver_spi-v1_softfp.a(uart_revb.o)
                0x10004966                MXC_UART_RevB_ClearTXFIFO
 .text.MXC_UART_RevB_SetRXThreshold
                0x1000497a       0x1e C:/MaximSDK/Libraries/PeriphDrivers/bin/MAX32670/spi-v1_softfp/libPeriphDriver_spi-v1_softfp.a(uart_revb.o)
                0x1000497a                MXC_UART_RevB_SetRXThreshold
 .text.MXC_UART_RevB_GetFlags
                0x10004998        0x4 C:/MaximSDK/Libraries/PeriphDrivers/bin/MAX32670/spi-v1_softfp/libPeriphDriver_spi-v1_softfp.a(uart_revb.o)
                0x10004998                MXC_UART_RevB_GetFlags
 .text.MXC_UART_RevB_ClearFlags
                0x1000499c        0x6 C:/MaximSDK/Libraries/PeriphDrivers/bin/MAX32670/spi-v1_softfp/libPeriphDriver_spi-v1_softfp.a(uart_revb.o)
                0x1000499c                MXC_UART_RevB_ClearFlags
 .text.MXC_UART_RevB_EnableInt
                0x100049a2        0xa C:/MaximSDK/Libraries/PeriphDrivers/bin/MAX32670/spi-v1_softfp/libPeriphDriver_spi-v1_softfp.a(uart_revb.o)
                0x100049a2                MXC_UART_RevB_EnableInt
 .text.MXC_UART_RevB_DisableInt
                0x100049ac        0xc C:/MaximSDK/Libraries/PeriphDrivers/bin/MAX32670/spi-v1_softfp/libPeriphDriver_spi-v1_softfp.a(uart_revb.o)
                0x100049ac                MXC_UART_RevB_DisableInt
 .text.MXC_UART_RevB_TransactionAsync
                0x100049b8      0x210 C:/MaximSDK/Libraries/PeriphDrivers/bin/MAX32670/spi-v1_softfp/libPeriphDriver_spi-v1_softfp.a(uart_revb.o)
                0x100049b8                MXC_UART_RevB_TransactionAsync
 .text.MXC_UART_RevB_AsyncTxCallback
                0x10004bc8       0x5c C:/MaximSDK/Libraries/PeriphDrivers/bin/MAX32670/spi-v1_softfp/libPeriphDriver_spi-v1_softfp.a(uart_revb.o)
                0x10004bc8                MXC_UART_RevB_AsyncTxCallback
 .text.MXC_UART_RevB_AsyncRxCallback
                0x10004c24       0x5c C:/MaximSDK/Libraries/PeriphDrivers/bin/MAX32670/spi-v1_softfp/libPeriphDriver_spi-v1_softfp.a(uart_revb.o)
                0x10004c24                MXC_UART_RevB_AsyncRxCallback
 .text.MXC_UART_RevB_AsyncCallback
                0x10004c80       0x6c C:/MaximSDK/Libraries/PeriphDrivers/bin/MAX32670/spi-v1_softfp/libPeriphDriver_spi-v1_softfp.a(uart_revb.o)
                0x10004c80                MXC_UART_RevB_AsyncCallback
 .text.MXC_UART_RevB_AsyncStopTx
                0x10004cec        0xc C:/MaximSDK/Libraries/PeriphDrivers/bin/MAX32670/spi-v1_softfp/libPeriphDriver_spi-v1_softfp.a(uart_revb.o)
                0x10004cec                MXC_UART_RevB_AsyncStopTx
 .text.MXC_UART_RevB_AsyncStopRx
                0x10004cf8        0xc C:/MaximSDK/Libraries/PeriphDrivers/bin/MAX32670/spi-v1_softfp/libPeriphDriver_spi-v1_softfp.a(uart_revb.o)
                0x10004cf8                MXC_UART_RevB_AsyncStopRx
 .text.MXC_UART_RevB_AsyncStop
                0x10004d04        0xe C:/MaximSDK/Libraries/PeriphDrivers/bin/MAX32670/spi-v1_softfp/libPeriphDriver_spi-v1_softfp.a(uart_revb.o)
                0x10004d04                MXC_UART_RevB_AsyncStop
 *fill*         0x10004d12        0x2 
 .text.MXC_UART_RevB_AsyncHandler
                0x10004d14      0x154 C:/MaximSDK/Libraries/PeriphDrivers/bin/MAX32670/spi-v1_softfp/libPeriphDriver_spi-v1_softfp.a(uart_revb.o)
                0x10004d14                MXC_UART_RevB_AsyncHandler
 .text.MXC_DelayInit
                0x10004e68       0x84 C:/MaximSDK/Libraries/PeriphDrivers/bin/MAX32670/spi-v1_softfp/libPeriphDriver_spi-v1_softfp.a(mxc_delay.o)
 .text.MXC_DelayAsync
                0x10004eec       0x44 C:/MaximSDK/Libraries/PeriphDrivers/bin/MAX32670/spi-v1_softfp/libPeriphDriver_spi-v1_softfp.a(mxc_delay.o)
                0x10004eec                MXC_DelayAsync
 .text.MXC_DelayAbort
                0x10004f30       0x34 C:/MaximSDK/Libraries/PeriphDrivers/bin/MAX32670/spi-v1_softfp/libPeriphDriver_spi-v1_softfp.a(mxc_delay.o)
                0x10004f30                MXC_DelayAbort
 .text.MXC_DelayCheck
                0x10004f64       0x64 C:/MaximSDK/Libraries/PeriphDrivers/bin/MAX32670/spi-v1_softfp/libPeriphDriver_spi-v1_softfp.a(mxc_delay.o)
                0x10004f64                MXC_DelayCheck
 .text.MXC_FreeLock
                0x10004fc8        0xa C:/MaximSDK/Libraries/PeriphDrivers/bin/MAX32670/spi-v1_softfp/libPeriphDriver_spi-v1_softfp.a(mxc_lock.o)
                0x10004fc8                MXC_FreeLock
 *fill*         0x10004fd2        0x2 
 .text.MXC_GPIO_Common_Handler
                0x10004fd4       0x78 C:/MaximSDK/Libraries/PeriphDrivers/bin/MAX32670/spi-v1_softfp/libPeriphDriver_spi-v1_softfp.a(gpio_common.o)
                0x10004fd4                MXC_GPIO_Common_Handler
 .text.MXC_GPIO_Common_GetConfigLock
                0x1000504c        0xc C:/MaximSDK/Libraries/PeriphDrivers/bin/MAX32670/spi-v1_softfp/libPeriphDriver_spi-v1_softfp.a(gpio_common.o)
                0x1000504c                MXC_GPIO_Common_GetConfigLock
 .text.MXC_UART_Common_ReadCharacter
                0x10005058       0x16 C:/MaximSDK/Libraries/PeriphDrivers/bin/MAX32670/spi-v1_softfp/libPeriphDriver_spi-v1_softfp.a(uart_common.o)
                0x10005058                MXC_UART_Common_ReadCharacter
 .text.MXC_UART_Common_WriteCharacter
                0x1000506e       0x1a C:/MaximSDK/Libraries/PeriphDrivers/bin/MAX32670/spi-v1_softfp/libPeriphDriver_spi-v1_softfp.a(uart_common.o)
                0x1000506e                MXC_UART_Common_WriteCharacter
 .text.__errno  0x10005088        0xc c:/maximsdk/tools/gnutools/10.3/bin/../lib/gcc/arm-none-eabi/10.3.1/../../../../arm-none-eabi/lib/thumb/v7e-m+fp/softfp\libc.a(lib_a-errno.o)
                0x10005088                __errno
 .text.__libc_init_array
                0x10005094       0x48 c:/maximsdk/tools/gnutools/10.3/bin/../lib/gcc/arm-none-eabi/10.3.1/../../../../arm-none-eabi/lib/thumb/v7e-m+fp/softfp\libc.a(lib_a-init.o)
                0x10005094                __libc_init_array
 .text.malloc   0x100050dc       0x10 c:/maximsdk/tools/gnutools/10.3/bin/../lib/gcc/arm-none-eabi/10.3.1/../../../../arm-none-eabi/lib/thumb/v7e-m+fp/softfp\libc.a(lib_a-malloc.o)
                0x100050dc                malloc
 .text.free     0x100050ec       0x10 c:/maximsdk/tools/gnutools/10.3/bin/../lib/gcc/arm-none-eabi/10.3.1/../../../../arm-none-eabi/lib/thumb/v7e-m+fp/softfp\libc.a(lib_a-malloc.o)
                0x100050ec                free
 .text._malloc_r
                0x100050fc      0x560 c:/maximsdk/tools/gnutools/10.3/bin/../lib/gcc/arm-none-eabi/10.3.1/../../../../arm-none-eabi/lib/thumb/v7e-m+fp/softfp\libc.a(lib_a-mallocr.o)
                0x100050fc                _malloc_r
 .text.memcmp   0x1000565c       0x64 c:/maximsdk/tools/gnutools/10.3/bin/../lib/gcc/arm-none-eabi/10.3.1/../../../../arm-none-eabi/lib/thumb/v7e-m+fp/softfp\libc.a(lib_a-memcmp.o)
                0x1000565c                memcmp
 .text          0x100056c0      0x134 c:/maximsdk/tools/gnutools/10.3/bin/../lib/gcc/arm-none-eabi/10.3.1/../../../../arm-none-eabi/lib/thumb/v7e-m+fp/softfp\libc.a(lib_a-memcpy.o)
                0x100056c0                memcpy
 .text.memset   0x100057f4       0xa4 c:/maximsdk/tools/gnutools/10.3/bin/../lib/gcc/arm-none-eabi/10.3.1/../../../../arm-none-eabi/lib/thumb/v7e-m+fp/softfp\libc.a(lib_a-memset.o)
                0x100057f4                memset
 .text.__malloc_lock
                0x10005898        0xc c:/maximsdk/tools/gnutools/10.3/bin/../lib/gcc/arm-none-eabi/10.3.1/../../../../arm-none-eabi/lib/thumb/v7e-m+fp/softfp\libc.a(lib_a-mlock.o)
                0x10005898                __malloc_lock
 .text.__malloc_unlock
                0x100058a4        0xc c:/maximsdk/tools/gnutools/10.3/bin/../lib/gcc/arm-none-eabi/10.3.1/../../../../arm-none-eabi/lib/thumb/v7e-m+fp/softfp\libc.a(lib_a-mlock.o)
                0x100058a4                __malloc_unlock
 .text.printf   0x100058b0       0x28 c:/maximsdk/tools/gnutools/10.3/bin/../lib/gcc/arm-none-eabi/10.3.1/../../../../arm-none-eabi/lib/thumb/v7e-m+fp/softfp\libc.a(lib_a-printf.o)
                0x100058b0                printf
 .text._puts_r  0x100058d8       0x9c c:/maximsdk/tools/gnutools/10.3/bin/../lib/gcc/arm-none-eabi/10.3.1/../../../../arm-none-eabi/lib/thumb/v7e-m+fp/softfp\libc.a(lib_a-puts.o)
                0x100058d8                _puts_r
 .text.puts     0x10005974       0x10 c:/maximsdk/tools/gnutools/10.3/bin/../lib/gcc/arm-none-eabi/10.3.1/../../../../arm-none-eabi/lib/thumb/v7e-m+fp/softfp\libc.a(lib_a-puts.o)
                0x10005974                puts
 .text._sbrk_r  0x10005984       0x24 c:/maximsdk/tools/gnutools/10.3/bin/../lib/gcc/arm-none-eabi/10.3.1/../../../../arm-none-eabi/lib/thumb/v7e-m+fp/softfp\libc.a(lib_a-sbrkr.o)
                0x10005984                _sbrk_r
 .text.snprintf
                0x100059a8       0x88 c:/maximsdk/tools/gnutools/10.3/bin/../lib/gcc/arm-none-eabi/10.3.1/../../../../arm-none-eabi/lib/thumb/v7e-m+fp/softfp\libc.a(lib_a-snprintf.o)
                0x100059a8                snprintf
 .text.sprintf  0x10005a30       0x40 c:/maximsdk/tools/gnutools/10.3/bin/../lib/gcc/arm-none-eabi/10.3.1/../../../../arm-none-eabi/lib/thumb/v7e-m+fp/softfp\libc.a(lib_a-sprintf.o)
                0x10005a30                sprintf
 .text.sscanf   0x10005a70       0x58 c:/maximsdk/tools/gnutools/10.3/bin/../lib/gcc/arm-none-eabi/10.3.1/../../../../arm-none-eabi/lib/thumb/v7e-m+fp/softfp\libc.a(lib_a-sscanf.o)
                0x10005a70                sscanf
 .text.__sread  0x10005ac8       0x24 c:/maximsdk/tools/gnutools/10.3/bin/../lib/gcc/arm-none-eabi/10.3.1/../../../../arm-none-eabi/lib/thumb/v7e-m+fp/softfp\libc.a(lib_a-stdio.o)
                0x10005ac8                __sread
 .text.__seofread
                0x10005aec        0x4 c:/maximsdk/tools/gnutools/10.3/bin/../lib/gcc/arm-none-eabi/10.3.1/../../../../arm-none-eabi/lib/thumb/v7e-m+fp/softfp\libc.a(lib_a-stdio.o)
                0x10005aec                __seofread
 .text.__swrite
                0x10005af0       0x40 c:/maximsdk/tools/gnutools/10.3/bin/../lib/gcc/arm-none-eabi/10.3.1/../../../../arm-none-eabi/lib/thumb/v7e-m+fp/softfp\libc.a(lib_a-stdio.o)
                0x10005af0                __swrite
 .text.__sseek  0x10005b30       0x20 c:/maximsdk/tools/gnutools/10.3/bin/../lib/gcc/arm-none-eabi/10.3.1/../../../../arm-none-eabi/lib/thumb/v7e-m+fp/softfp\libc.a(lib_a-stdio.o)
                0x10005b30                __sseek
 .text.__sclose
                0x10005b50        0x8 c:/maximsdk/tools/gnutools/10.3/bin/../lib/gcc/arm-none-eabi/10.3.1/../../../../arm-none-eabi/lib/thumb/v7e-m+fp/softfp\libc.a(lib_a-stdio.o)
                0x10005b50                __sclose
 *fill*         0x10005b58       0x28 
 .text          0x10005b80       0xdc c:/maximsdk/tools/gnutools/10.3/bin/../lib/gcc/arm-none-eabi/10.3.1/../../../../arm-none-eabi/lib/thumb/v7e-m+fp/softfp\libc.a(lib_a-strlen.o)
                0x10005b80                strlen
 .text.two_way_long_needle
                0x10005c5c      0x2b4 c:/maximsdk/tools/gnutools/10.3/bin/../lib/gcc/arm-none-eabi/10.3.1/../../../../arm-none-eabi/lib/thumb/v7e-m+fp/softfp\libc.a(lib_a-strstr.o)
 .text.strstr   0x10005f10      0x168 c:/maximsdk/tools/gnutools/10.3/bin/../lib/gcc/arm-none-eabi/10.3.1/../../../../arm-none-eabi/lib/thumb/v7e-m+fp/softfp\libc.a(lib_a-strstr.o)
                0x10005f10                strstr
 .text.__strtok_r
                0x10006078       0x64 c:/maximsdk/tools/gnutools/10.3/bin/../lib/gcc/arm-none-eabi/10.3.1/../../../../arm-none-eabi/lib/thumb/v7e-m+fp/softfp\libc.a(lib_a-strtok_r.o)
                0x10006078                __strtok_r
 .text.strtok_r
                0x100060dc        0x8 c:/maximsdk/tools/gnutools/10.3/bin/../lib/gcc/arm-none-eabi/10.3.1/../../../../arm-none-eabi/lib/thumb/v7e-m+fp/softfp\libc.a(lib_a-strtok_r.o)
                0x100060dc                strtok_r
 *fill*         0x100060e4        0x4 
 .text._svfprintf_r
                0x100060e8     0x1ac8 c:/maximsdk/tools/gnutools/10.3/bin/../lib/gcc/arm-none-eabi/10.3.1/../../../../arm-none-eabi/lib/thumb/v7e-m+fp/softfp\libc.a(lib_a-svfprintf.o)
                0x100060e8                _svfprintf_r
 .text.__ssvfscanf_r
                0x10007bb0     0x1754 c:/maximsdk/tools/gnutools/10.3/bin/../lib/gcc/arm-none-eabi/10.3.1/../../../../arm-none-eabi/lib/thumb/v7e-m+fp/softfp\libc.a(lib_a-svfscanf.o)
                0x10007bb0                __ssvfscanf_r
 *fill*         0x10009304        0x4 
 .text._vfprintf_r
                0x10009308     0x1b8c c:/maximsdk/tools/gnutools/10.3/bin/../lib/gcc/arm-none-eabi/10.3.1/../../../../arm-none-eabi/lib/thumb/v7e-m+fp/softfp\libc.a(lib_a-vfprintf.o)
                0x10009308                _vfprintf_r
 .text.__sbprintf
                0x1000ae94       0x80 c:/maximsdk/tools/gnutools/10.3/bin/../lib/gcc/arm-none-eabi/10.3.1/../../../../arm-none-eabi/lib/thumb/v7e-m+fp/softfp\libc.a(lib_a-vfprintf.o)
 .text._write_r
                0x1000af14       0x2c c:/maximsdk/tools/gnutools/10.3/bin/../lib/gcc/arm-none-eabi/10.3.1/../../../../arm-none-eabi/lib/thumb/v7e-m+fp/softfp\libc.a(lib_a-writer.o)
                0x1000af14                _write_r
 .text.__swsetup_r
                0x1000af40       0xd4 c:/maximsdk/tools/gnutools/10.3/bin/../lib/gcc/arm-none-eabi/10.3.1/../../../../arm-none-eabi/lib/thumb/v7e-m+fp/softfp\libc.a(lib_a-wsetup.o)
                0x1000af40                __swsetup_r
 .text.startup.register_fini
                0x1000b014       0x14 c:/maximsdk/tools/gnutools/10.3/bin/../lib/gcc/arm-none-eabi/10.3.1/../../../../arm-none-eabi/lib/thumb/v7e-m+fp/softfp\libc.a(lib_a-__call_atexit.o)
 .text.atexit   0x1000b028        0xc c:/maximsdk/tools/gnutools/10.3/bin/../lib/gcc/arm-none-eabi/10.3.1/../../../../arm-none-eabi/lib/thumb/v7e-m+fp/softfp\libc.a(lib_a-atexit.o)
                0x1000b028                atexit
 .text._close_r
                0x1000b034       0x24 c:/maximsdk/tools/gnutools/10.3/bin/../lib/gcc/arm-none-eabi/10.3.1/../../../../arm-none-eabi/lib/thumb/v7e-m+fp/softfp\libc.a(lib_a-closer.o)
                0x1000b034                _close_r
 .text.quorem   0x1000b058      0x128 c:/maximsdk/tools/gnutools/10.3/bin/../lib/gcc/arm-none-eabi/10.3.1/../../../../arm-none-eabi/lib/thumb/v7e-m+fp/softfp\libc.a(lib_a-dtoa.o)
 .text._dtoa_r  0x1000b180      0xf34 c:/maximsdk/tools/gnutools/10.3/bin/../lib/gcc/arm-none-eabi/10.3.1/../../../../arm-none-eabi/lib/thumb/v7e-m+fp/softfp\libc.a(lib_a-dtoa.o)
                0x1000b180                _dtoa_r
 .text.__sflush_r
                0x1000c0b4      0x130 c:/maximsdk/tools/gnutools/10.3/bin/../lib/gcc/arm-none-eabi/10.3.1/../../../../arm-none-eabi/lib/thumb/v7e-m+fp/softfp\libc.a(lib_a-fflush.o)
                0x1000c0b4                __sflush_r
 .text._fflush_r
                0x1000c1e4       0x5c c:/maximsdk/tools/gnutools/10.3/bin/../lib/gcc/arm-none-eabi/10.3.1/../../../../arm-none-eabi/lib/thumb/v7e-m+fp/softfp\libc.a(lib_a-fflush.o)
                0x1000c1e4                _fflush_r
 .text._cleanup_r
                0x1000c240        0xc c:/maximsdk/tools/gnutools/10.3/bin/../lib/gcc/arm-none-eabi/10.3.1/../../../../arm-none-eabi/lib/thumb/v7e-m+fp/softfp\libc.a(lib_a-findfp.o)
                0x1000c240                _cleanup_r
 .text.__sinit  0x1000c24c      0x10c c:/maximsdk/tools/gnutools/10.3/bin/../lib/gcc/arm-none-eabi/10.3.1/../../../../arm-none-eabi/lib/thumb/v7e-m+fp/softfp\libc.a(lib_a-findfp.o)
                0x1000c24c                __sinit
 .text.__sfp_lock_acquire
                0x1000c358        0xc c:/maximsdk/tools/gnutools/10.3/bin/../lib/gcc/arm-none-eabi/10.3.1/../../../../arm-none-eabi/lib/thumb/v7e-m+fp/softfp\libc.a(lib_a-findfp.o)
                0x1000c358                __sfp_lock_acquire
 .text.__sfp_lock_release
                0x1000c364        0xc c:/maximsdk/tools/gnutools/10.3/bin/../lib/gcc/arm-none-eabi/10.3.1/../../../../arm-none-eabi/lib/thumb/v7e-m+fp/softfp\libc.a(lib_a-findfp.o)
                0x1000c364                __sfp_lock_release
 .text.__libc_fini_array
                0x1000c370       0x2c c:/maximsdk/tools/gnutools/10.3/bin/../lib/gcc/arm-none-eabi/10.3.1/../../../../arm-none-eabi/lib/thumb/v7e-m+fp/softfp\libc.a(lib_a-fini.o)
                0x1000c370                __libc_fini_array
 .text._malloc_trim_r
                0x1000c39c       0xa0 c:/maximsdk/tools/gnutools/10.3/bin/../lib/gcc/arm-none-eabi/10.3.1/../../../../arm-none-eabi/lib/thumb/v7e-m+fp/softfp\libc.a(lib_a-freer.o)
                0x1000c39c                _malloc_trim_r
 .text._free_r  0x1000c43c      0x20c c:/maximsdk/tools/gnutools/10.3/bin/../lib/gcc/arm-none-eabi/10.3.1/../../../../arm-none-eabi/lib/thumb/v7e-m+fp/softfp\libc.a(lib_a-freer.o)
                0x1000c43c                _free_r
 .text.__sfvwrite_r
                0x1000c648      0x2f0 c:/maximsdk/tools/gnutools/10.3/bin/../lib/gcc/arm-none-eabi/10.3.1/../../../../arm-none-eabi/lib/thumb/v7e-m+fp/softfp\libc.a(lib_a-fvwrite.o)
                0x1000c648                __sfvwrite_r
 .text._fwalk_reent
                0x1000c938       0x48 c:/maximsdk/tools/gnutools/10.3/bin/../lib/gcc/arm-none-eabi/10.3.1/../../../../arm-none-eabi/lib/thumb/v7e-m+fp/softfp\libc.a(lib_a-fwalk.o)
                0x1000c938                _fwalk_reent
 .text.iswspace
                0x1000c980        0x8 c:/maximsdk/tools/gnutools/10.3/bin/../lib/gcc/arm-none-eabi/10.3.1/../../../../arm-none-eabi/lib/thumb/v7e-m+fp/softfp\libc.a(lib_a-iswspace.o)
                0x1000c980                iswspace
 .text.iswspace_l
                0x1000c988       0x14 c:/maximsdk/tools/gnutools/10.3/bin/../lib/gcc/arm-none-eabi/10.3.1/../../../../arm-none-eabi/lib/thumb/v7e-m+fp/softfp\libc.a(lib_a-iswspace_l.o)
                0x1000c988                iswspace_l
 .text.__locale_mb_cur_max
                0x1000c99c        0xc c:/maximsdk/tools/gnutools/10.3/bin/../lib/gcc/arm-none-eabi/10.3.1/../../../../arm-none-eabi/lib/thumb/v7e-m+fp/softfp\libc.a(lib_a-locale.o)
                0x1000c99c                __locale_mb_cur_max
 .text._localeconv_r
                0x1000c9a8        0x8 c:/maximsdk/tools/gnutools/10.3/bin/../lib/gcc/arm-none-eabi/10.3.1/../../../../arm-none-eabi/lib/thumb/v7e-m+fp/softfp\libc.a(lib_a-localeconv.o)
                0x1000c9a8                _localeconv_r
 .text.__retarget_lock_init_recursive
                0x1000c9b0        0x4 c:/maximsdk/tools/gnutools/10.3/bin/../lib/gcc/arm-none-eabi/10.3.1/../../../../arm-none-eabi/lib/thumb/v7e-m+fp/softfp\libc.a(lib_a-lock.o)
                0x1000c9b0                __retarget_lock_init_recursive
 .text.__retarget_lock_close_recursive
                0x1000c9b4        0x4 c:/maximsdk/tools/gnutools/10.3/bin/../lib/gcc/arm-none-eabi/10.3.1/../../../../arm-none-eabi/lib/thumb/v7e-m+fp/softfp\libc.a(lib_a-lock.o)
                0x1000c9b4                __retarget_lock_close_recursive
 .text.__retarget_lock_acquire_recursive
                0x1000c9b8        0x4 c:/maximsdk/tools/gnutools/10.3/bin/../lib/gcc/arm-none-eabi/10.3.1/../../../../arm-none-eabi/lib/thumb/v7e-m+fp/softfp\libc.a(lib_a-lock.o)
                0x1000c9b8                __retarget_lock_acquire_recursive
 .text.__retarget_lock_release_recursive
                0x1000c9bc        0x4 c:/maximsdk/tools/gnutools/10.3/bin/../lib/gcc/arm-none-eabi/10.3.1/../../../../arm-none-eabi/lib/thumb/v7e-m+fp/softfp\libc.a(lib_a-lock.o)
                0x1000c9bc                __retarget_lock_release_recursive
 .text._lseek_r
                0x1000c9c0       0x2c c:/maximsdk/tools/gnutools/10.3/bin/../lib/gcc/arm-none-eabi/10.3.1/../../../../arm-none-eabi/lib/thumb/v7e-m+fp/softfp\libc.a(lib_a-lseekr.o)
                0x1000c9c0                _lseek_r
 .text.__smakebuf_r
                0x1000c9ec       0xe0 c:/maximsdk/tools/gnutools/10.3/bin/../lib/gcc/arm-none-eabi/10.3.1/../../../../arm-none-eabi/lib/thumb/v7e-m+fp/softfp\libc.a(lib_a-makebuf.o)
                0x1000c9ec                __smakebuf_r
 .text._mbrtowc_r
                0x1000cacc       0x44 c:/maximsdk/tools/gnutools/10.3/bin/../lib/gcc/arm-none-eabi/10.3.1/../../../../arm-none-eabi/lib/thumb/v7e-m+fp/softfp\libc.a(lib_a-mbrtowc.o)
                0x1000cacc                _mbrtowc_r
 .text.__ascii_mbtowc
                0x1000cb10       0x2c c:/maximsdk/tools/gnutools/10.3/bin/../lib/gcc/arm-none-eabi/10.3.1/../../../../arm-none-eabi/lib/thumb/v7e-m+fp/softfp\libc.a(lib_a-mbtowc_r.o)
                0x1000cb10                __ascii_mbtowc
 *fill*         0x1000cb3c        0x4 
 .text          0x1000cb40       0xa0 c:/maximsdk/tools/gnutools/10.3/bin/../lib/gcc/arm-none-eabi/10.3.1/../../../../arm-none-eabi/lib/thumb/v7e-m+fp/softfp\libc.a(lib_a-memchr.o)
                0x1000cb40                memchr
 .text.memmove  0x1000cbe0       0xf8 c:/maximsdk/tools/gnutools/10.3/bin/../lib/gcc/arm-none-eabi/10.3.1/../../../../arm-none-eabi/lib/thumb/v7e-m+fp/softfp\libc.a(lib_a-memmove.o)
                0x1000cbe0                memmove
 .text._Balloc  0x1000ccd8       0x4c c:/maximsdk/tools/gnutools/10.3/bin/../lib/gcc/arm-none-eabi/10.3.1/../../../../arm-none-eabi/lib/thumb/v7e-m+fp/softfp\libc.a(lib_a-mprec.o)
                0x1000ccd8                _Balloc
 .text._Bfree   0x1000cd24       0x14 c:/maximsdk/tools/gnutools/10.3/bin/../lib/gcc/arm-none-eabi/10.3.1/../../../../arm-none-eabi/lib/thumb/v7e-m+fp/softfp\libc.a(lib_a-mprec.o)
                0x1000cd24                _Bfree
 .text.__multadd
                0x1000cd38       0xa8 c:/maximsdk/tools/gnutools/10.3/bin/../lib/gcc/arm-none-eabi/10.3.1/../../../../arm-none-eabi/lib/thumb/v7e-m+fp/softfp\libc.a(lib_a-mprec.o)
                0x1000cd38                __multadd
 .text.__s2b    0x1000cde0       0xb4 c:/maximsdk/tools/gnutools/10.3/bin/../lib/gcc/arm-none-eabi/10.3.1/../../../../arm-none-eabi/lib/thumb/v7e-m+fp/softfp\libc.a(lib_a-mprec.o)
                0x1000cde0                __s2b
 .text.__hi0bits
                0x1000ce94       0x40 c:/maximsdk/tools/gnutools/10.3/bin/../lib/gcc/arm-none-eabi/10.3.1/../../../../arm-none-eabi/lib/thumb/v7e-m+fp/softfp\libc.a(lib_a-mprec.o)
                0x1000ce94                __hi0bits
 .text.__lo0bits
                0x1000ced4       0x60 c:/maximsdk/tools/gnutools/10.3/bin/../lib/gcc/arm-none-eabi/10.3.1/../../../../arm-none-eabi/lib/thumb/v7e-m+fp/softfp\libc.a(lib_a-mprec.o)
                0x1000ced4                __lo0bits
 .text.__i2b    0x1000cf34       0x5c c:/maximsdk/tools/gnutools/10.3/bin/../lib/gcc/arm-none-eabi/10.3.1/../../../../arm-none-eabi/lib/thumb/v7e-m+fp/softfp\libc.a(lib_a-mprec.o)
                0x1000cf34                __i2b
 .text.__multiply
                0x1000cf90      0x15c c:/maximsdk/tools/gnutools/10.3/bin/../lib/gcc/arm-none-eabi/10.3.1/../../../../arm-none-eabi/lib/thumb/v7e-m+fp/softfp\libc.a(lib_a-mprec.o)
                0x1000cf90                __multiply
 .text.__pow5mult
                0x1000d0ec       0xc0 c:/maximsdk/tools/gnutools/10.3/bin/../lib/gcc/arm-none-eabi/10.3.1/../../../../arm-none-eabi/lib/thumb/v7e-m+fp/softfp\libc.a(lib_a-mprec.o)
                0x1000d0ec                __pow5mult
 .text.__lshift
                0x1000d1ac       0xf0 c:/maximsdk/tools/gnutools/10.3/bin/../lib/gcc/arm-none-eabi/10.3.1/../../../../arm-none-eabi/lib/thumb/v7e-m+fp/softfp\libc.a(lib_a-mprec.o)
                0x1000d1ac                __lshift
 .text.__mcmp   0x1000d29c       0x44 c:/maximsdk/tools/gnutools/10.3/bin/../lib/gcc/arm-none-eabi/10.3.1/../../../../arm-none-eabi/lib/thumb/v7e-m+fp/softfp\libc.a(lib_a-mprec.o)
                0x1000d29c                __mcmp
 .text.__mdiff  0x1000d2e0      0x14c c:/maximsdk/tools/gnutools/10.3/bin/../lib/gcc/arm-none-eabi/10.3.1/../../../../arm-none-eabi/lib/thumb/v7e-m+fp/softfp\libc.a(lib_a-mprec.o)
                0x1000d2e0                __mdiff
 .text.__ulp    0x1000d42c       0x44 c:/maximsdk/tools/gnutools/10.3/bin/../lib/gcc/arm-none-eabi/10.3.1/../../../../arm-none-eabi/lib/thumb/v7e-m+fp/softfp\libc.a(lib_a-mprec.o)
                0x1000d42c                __ulp
 .text.__b2d    0x1000d470       0xd0 c:/maximsdk/tools/gnutools/10.3/bin/../lib/gcc/arm-none-eabi/10.3.1/../../../../arm-none-eabi/lib/thumb/v7e-m+fp/softfp\libc.a(lib_a-mprec.o)
                0x1000d470                __b2d
 .text.__d2b    0x1000d540       0xc4 c:/maximsdk/tools/gnutools/10.3/bin/../lib/gcc/arm-none-eabi/10.3.1/../../../../arm-none-eabi/lib/thumb/v7e-m+fp/softfp\libc.a(lib_a-mprec.o)
                0x1000d540                __d2b
 .text.__ratio  0x1000d604       0x5c c:/maximsdk/tools/gnutools/10.3/bin/../lib/gcc/arm-none-eabi/10.3.1/../../../../arm-none-eabi/lib/thumb/v7e-m+fp/softfp\libc.a(lib_a-mprec.o)
                0x1000d604                __ratio
 .text.__copybits
                0x1000d660       0x5c c:/maximsdk/tools/gnutools/10.3/bin/../lib/gcc/arm-none-eabi/10.3.1/../../../../arm-none-eabi/lib/thumb/v7e-m+fp/softfp\libc.a(lib_a-mprec.o)
                0x1000d660                __copybits
 .text.__any_on
                0x1000d6bc       0x64 c:/maximsdk/tools/gnutools/10.3/bin/../lib/gcc/arm-none-eabi/10.3.1/../../../../arm-none-eabi/lib/thumb/v7e-m+fp/softfp\libc.a(lib_a-mprec.o)
                0x1000d6bc                __any_on
 .text._read_r  0x1000d720       0x2c c:/maximsdk/tools/gnutools/10.3/bin/../lib/gcc/arm-none-eabi/10.3.1/../../../../arm-none-eabi/lib/thumb/v7e-m+fp/softfp\libc.a(lib_a-readr.o)
                0x1000d720                _read_r
 .text.realloc  0x1000d74c       0x18 c:/maximsdk/tools/gnutools/10.3/bin/../lib/gcc/arm-none-eabi/10.3.1/../../../../arm-none-eabi/lib/thumb/v7e-m+fp/softfp\libc.a(lib_a-realloc.o)
                0x1000d74c                realloc
 .text._realloc_r
                0x1000d764      0x3d8 c:/maximsdk/tools/gnutools/10.3/bin/../lib/gcc/arm-none-eabi/10.3.1/../../../../arm-none-eabi/lib/thumb/v7e-m+fp/softfp\libc.a(lib_a-reallocr.o)
                0x1000d764                _realloc_r
 .text.frexp    0x1000db3c       0x70 c:/maximsdk/tools/gnutools/10.3/bin/../lib/gcc/arm-none-eabi/10.3.1/../../../../arm-none-eabi/lib/thumb/v7e-m+fp/softfp\libc.a(lib_a-s_frexp.o)
                0x1000db3c                frexp
 .text.__sccl   0x1000dbac       0x8c c:/maximsdk/tools/gnutools/10.3/bin/../lib/gcc/arm-none-eabi/10.3.1/../../../../arm-none-eabi/lib/thumb/v7e-m+fp/softfp\libc.a(lib_a-sccl.o)
                0x1000dbac                __sccl
 .text.nanf     0x1000dc38        0x8 c:/maximsdk/tools/gnutools/10.3/bin/../lib/gcc/arm-none-eabi/10.3.1/../../../../arm-none-eabi/lib/thumb/v7e-m+fp/softfp\libc.a(lib_a-sf_nan.o)
                0x1000dc38                nanf
 .text.strchr   0x1000dc40       0xcc c:/maximsdk/tools/gnutools/10.3/bin/../lib/gcc/arm-none-eabi/10.3.1/../../../../arm-none-eabi/lib/thumb/v7e-m+fp/softfp\libc.a(lib_a-strchr.o)
                0x1000dc40                strchr
 .text.strncpy  0x1000dd0c       0x64 c:/maximsdk/tools/gnutools/10.3/bin/../lib/gcc/arm-none-eabi/10.3.1/../../../../arm-none-eabi/lib/thumb/v7e-m+fp/softfp\libc.a(lib_a-strncpy.o)
                0x1000dd0c                strncpy
 .text.strnlen  0x1000dd70       0x24 c:/maximsdk/tools/gnutools/10.3/bin/../lib/gcc/arm-none-eabi/10.3.1/../../../../arm-none-eabi/lib/thumb/v7e-m+fp/softfp\libc.a(lib_a-strnlen.o)
                0x1000dd70                strnlen
 *fill*         0x1000dd94        0x4 
 .text._strtod_l
                0x1000dd98      0xf50 c:/maximsdk/tools/gnutools/10.3/bin/../lib/gcc/arm-none-eabi/10.3.1/../../../../arm-none-eabi/lib/thumb/v7e-m+fp/softfp\libc.a(lib_a-strtod.o)
                0x1000dd98                _strtod_l
 .text._strtod_r
                0x1000ece8        0xc c:/maximsdk/tools/gnutools/10.3/bin/../lib/gcc/arm-none-eabi/10.3.1/../../../../arm-none-eabi/lib/thumb/v7e-m+fp/softfp\libc.a(lib_a-strtod.o)
                0x1000ece8                _strtod_r
 .text._strtol_l.part.0
                0x1000ecf4      0x120 c:/maximsdk/tools/gnutools/10.3/bin/../lib/gcc/arm-none-eabi/10.3.1/../../../../arm-none-eabi/lib/thumb/v7e-m+fp/softfp\libc.a(lib_a-strtol.o)
 .text._strtol_r
                0x1000ee14       0x1c c:/maximsdk/tools/gnutools/10.3/bin/../lib/gcc/arm-none-eabi/10.3.1/../../../../arm-none-eabi/lib/thumb/v7e-m+fp/softfp\libc.a(lib_a-strtol.o)
                0x1000ee14                _strtol_r
 .text._strtoll_l.constprop.0
                0x1000ee30      0x170 c:/maximsdk/tools/gnutools/10.3/bin/../lib/gcc/arm-none-eabi/10.3.1/../../../../arm-none-eabi/lib/thumb/v7e-m+fp/softfp\libc.a(lib_a-strtoll.o)
 .text._strtoll_r
                0x1000efa0        0x4 c:/maximsdk/tools/gnutools/10.3/bin/../lib/gcc/arm-none-eabi/10.3.1/../../../../arm-none-eabi/lib/thumb/v7e-m+fp/softfp\libc.a(lib_a-strtoll.o)
                0x1000efa0                _strtoll_r
 .text._strtoul_l.constprop.0
                0x1000efa4      0x13c c:/maximsdk/tools/gnutools/10.3/bin/../lib/gcc/arm-none-eabi/10.3.1/../../../../arm-none-eabi/lib/thumb/v7e-m+fp/softfp\libc.a(lib_a-strtoul.o)
 .text._strtoul_r
                0x1000f0e0        0x4 c:/maximsdk/tools/gnutools/10.3/bin/../lib/gcc/arm-none-eabi/10.3.1/../../../../arm-none-eabi/lib/thumb/v7e-m+fp/softfp\libc.a(lib_a-strtoul.o)
                0x1000f0e0                _strtoul_r
 .text._strtoull_l.constprop.0
                0x1000f0e4      0x19c c:/maximsdk/tools/gnutools/10.3/bin/../lib/gcc/arm-none-eabi/10.3.1/../../../../arm-none-eabi/lib/thumb/v7e-m+fp/softfp\libc.a(lib_a-strtoull.o)
 .text._strtoull_r
                0x1000f280        0x4 c:/maximsdk/tools/gnutools/10.3/bin/../lib/gcc/arm-none-eabi/10.3.1/../../../../arm-none-eabi/lib/thumb/v7e-m+fp/softfp\libc.a(lib_a-strtoull.o)
                0x1000f280                _strtoull_r
 .text.__ssprint_r
                0x1000f284       0xf8 c:/maximsdk/tools/gnutools/10.3/bin/../lib/gcc/arm-none-eabi/10.3.1/../../../../arm-none-eabi/lib/thumb/v7e-m+fp/softfp\libc.a(lib_a-svfiprintf.o)
                0x1000f284                __ssprint_r
 .text._sungetc_r
                0x1000f37c       0x80 c:/maximsdk/tools/gnutools/10.3/bin/../lib/gcc/arm-none-eabi/10.3.1/../../../../arm-none-eabi/lib/thumb/v7e-m+fp/softfp\libc.a(lib_a-svfiscanf.o)
                0x1000f37c                _sungetc_r
 .text.__ssrefill_r
                0x1000f3fc       0x3c c:/maximsdk/tools/gnutools/10.3/bin/../lib/gcc/arm-none-eabi/10.3.1/../../../../arm-none-eabi/lib/thumb/v7e-m+fp/softfp\libc.a(lib_a-svfiscanf.o)
                0x1000f3fc                __ssrefill_r
 .text._sfread_r
                0x1000f438       0xb4 c:/maximsdk/tools/gnutools/10.3/bin/../lib/gcc/arm-none-eabi/10.3.1/../../../../arm-none-eabi/lib/thumb/v7e-m+fp/softfp\libc.a(lib_a-svfiscanf.o)
                0x1000f438                _sfread_r
 .text.__submore
                0x1000f4ec       0x78 c:/maximsdk/tools/gnutools/10.3/bin/../lib/gcc/arm-none-eabi/10.3.1/../../../../arm-none-eabi/lib/thumb/v7e-m+fp/softfp\libc.a(lib_a-ungetc.o)
                0x1000f4ec                __submore
 .text.__sprint_r.part.0
                0x1000f564       0x78 c:/maximsdk/tools/gnutools/10.3/bin/../lib/gcc/arm-none-eabi/10.3.1/../../../../arm-none-eabi/lib/thumb/v7e-m+fp/softfp\libc.a(lib_a-vfiprintf.o)
 .text.__sprint_r
                0x1000f5dc       0x18 c:/maximsdk/tools/gnutools/10.3/bin/../lib/gcc/arm-none-eabi/10.3.1/../../../../arm-none-eabi/lib/thumb/v7e-m+fp/softfp\libc.a(lib_a-vfiprintf.o)
                0x1000f5dc                __sprint_r
 .text._vfiprintf_r
                0x1000f5f4      0xdfc c:/maximsdk/tools/gnutools/10.3/bin/../lib/gcc/arm-none-eabi/10.3.1/../../../../arm-none-eabi/lib/thumb/v7e-m+fp/softfp\libc.a(lib_a-vfiprintf.o)
                0x1000f5f4                _vfiprintf_r
 .text.__sbprintf
                0x100103f0       0x80 c:/maximsdk/tools/gnutools/10.3/bin/../lib/gcc/arm-none-eabi/10.3.1/../../../../arm-none-eabi/lib/thumb/v7e-m+fp/softfp\libc.a(lib_a-vfiprintf.o)
 .text.__swbuf_r
                0x10010470       0xb0 c:/maximsdk/tools/gnutools/10.3/bin/../lib/gcc/arm-none-eabi/10.3.1/../../../../arm-none-eabi/lib/thumb/v7e-m+fp/softfp\libc.a(lib_a-wbuf.o)
                0x10010470                __swbuf_r
 .text.__ascii_wctomb
                0x10010520       0x1c c:/maximsdk/tools/gnutools/10.3/bin/../lib/gcc/arm-none-eabi/10.3.1/../../../../arm-none-eabi/lib/thumb/v7e-m+fp/softfp\libc.a(lib_a-wctomb_r.o)
                0x10010520                __ascii_wctomb
 .text.__register_exitproc
                0x1001053c       0x8c c:/maximsdk/tools/gnutools/10.3/bin/../lib/gcc/arm-none-eabi/10.3.1/../../../../arm-none-eabi/lib/thumb/v7e-m+fp/softfp\libc.a(lib_a-__atexit.o)
                0x1001053c                __register_exitproc
 .text.__assert_func
                0x100105c8       0x40 c:/maximsdk/tools/gnutools/10.3/bin/../lib/gcc/arm-none-eabi/10.3.1/../../../../arm-none-eabi/lib/thumb/v7e-m+fp/softfp\libc.a(lib_a-assert.o)
                0x100105c8                __assert_func
 .text._calloc_r
                0x10010608       0x78 c:/maximsdk/tools/gnutools/10.3/bin/../lib/gcc/arm-none-eabi/10.3.1/../../../../arm-none-eabi/lib/thumb/v7e-m+fp/softfp\libc.a(lib_a-callocr.o)
                0x10010608                _calloc_r
 .text._fclose_r
                0x10010680       0xcc c:/maximsdk/tools/gnutools/10.3/bin/../lib/gcc/arm-none-eabi/10.3.1/../../../../arm-none-eabi/lib/thumb/v7e-m+fp/softfp\libc.a(lib_a-fclose.o)
                0x10010680                _fclose_r
 .text.fiprintf
                0x1001074c       0x28 c:/maximsdk/tools/gnutools/10.3/bin/../lib/gcc/arm-none-eabi/10.3.1/../../../../arm-none-eabi/lib/thumb/v7e-m+fp/softfp\libc.a(lib_a-fiprintf.o)
                0x1001074c                fiprintf
 .text.__fputwc
                0x10010774       0xa8 c:/maximsdk/tools/gnutools/10.3/bin/../lib/gcc/arm-none-eabi/10.3.1/../../../../arm-none-eabi/lib/thumb/v7e-m+fp/softfp\libc.a(lib_a-fputwc.o)
                0x10010774                __fputwc
 .text._fputwc_r
                0x1001081c       0x68 c:/maximsdk/tools/gnutools/10.3/bin/../lib/gcc/arm-none-eabi/10.3.1/../../../../arm-none-eabi/lib/thumb/v7e-m+fp/softfp\libc.a(lib_a-fputwc.o)
                0x1001081c                _fputwc_r
 .text._fstat_r
                0x10010884       0x2c c:/maximsdk/tools/gnutools/10.3/bin/../lib/gcc/arm-none-eabi/10.3.1/../../../../arm-none-eabi/lib/thumb/v7e-m+fp/softfp\libc.a(lib_a-fstatr.o)
                0x10010884                _fstat_r
 .text.rshift   0x100108b0       0xa4 c:/maximsdk/tools/gnutools/10.3/bin/../lib/gcc/arm-none-eabi/10.3.1/../../../../arm-none-eabi/lib/thumb/v7e-m+fp/softfp\libc.a(lib_a-gdtoa-gethex.o)
 .text.__gethex
                0x10010954      0x5d8 c:/maximsdk/tools/gnutools/10.3/bin/../lib/gcc/arm-none-eabi/10.3.1/../../../../arm-none-eabi/lib/thumb/v7e-m+fp/softfp\libc.a(lib_a-gdtoa-gethex.o)
                0x10010954                __gethex
 .text.__match  0x10010f2c       0x38 c:/maximsdk/tools/gnutools/10.3/bin/../lib/gcc/arm-none-eabi/10.3.1/../../../../arm-none-eabi/lib/thumb/v7e-m+fp/softfp\libc.a(lib_a-gdtoa-hexnan.o)
                0x10010f2c                __match
 .text.__hexnan
                0x10010f64      0x1ac c:/maximsdk/tools/gnutools/10.3/bin/../lib/gcc/arm-none-eabi/10.3.1/../../../../arm-none-eabi/lib/thumb/v7e-m+fp/softfp\libc.a(lib_a-gdtoa-hexnan.o)
                0x10010f64                __hexnan
 .text._isatty_r
                0x10011110       0x24 c:/maximsdk/tools/gnutools/10.3/bin/../lib/gcc/arm-none-eabi/10.3.1/../../../../arm-none-eabi/lib/thumb/v7e-m+fp/softfp\libc.a(lib_a-isattyr.o)
                0x10011110                _isatty_r
 .text.nan      0x10011134        0xc c:/maximsdk/tools/gnutools/10.3/bin/../lib/gcc/arm-none-eabi/10.3.1/../../../../arm-none-eabi/lib/thumb/v7e-m+fp/softfp\libc.a(lib_a-s_nan.o)
                0x10011134                nan
 .text.strncmp  0x10011140       0x80 c:/maximsdk/tools/gnutools/10.3/bin/../lib/gcc/arm-none-eabi/10.3.1/../../../../arm-none-eabi/lib/thumb/v7e-m+fp/softfp\libc.a(lib_a-strncmp.o)
                0x10011140                strncmp
 .text._wcrtomb_r
                0x100111c0       0x3c c:/maximsdk/tools/gnutools/10.3/bin/../lib/gcc/arm-none-eabi/10.3.1/../../../../arm-none-eabi/lib/thumb/v7e-m+fp/softfp\libc.a(lib_a-wcrtomb.o)
                0x100111c0                _wcrtomb_r